-- The C compiler identification is GNU 15.2.0
-- The CXX compiler identification is GNU 15.2.0
-- Detecting C compiler ABI info
-- Detecting C compiler ABI info - done
-- Check for working C compiler: /usr/bin/cc - skipped
-- Detecting C compile features
-- Detecting C compile features - done
-- Detecting CXX compiler ABI info
-- Detecting CXX compiler ABI info - done
-- Check for working CXX compiler: /usr/bin/c++ - skipped
-- Detecting CXX compile features
-- Detecting CXX compile features - done
-- Found ament_cmake: 2.8.8 (/opt/ros/lyrical/share/ament_cmake/cmake)
-- Found rosidl_default_generators: 1.8.1 (/opt/ros/lyrical/share/rosidl_default_generators/cmake)
-- Using all available rosidl_typesupport_c: rosidl_typesupport_fastrtps_c;rosidl_typesupport_introspection_c
-- Using all available rosidl_typesupport_cpp: rosidl_typesupport_fastrtps_cpp;rosidl_typesupport_introspection_cpp
-- Found rosidl_adapter: 5.2.1 (/opt/ros/lyrical/share/rosidl_adapter/cmake)
-- Found Python3: /usr/bin/python3 (found version "3.14.4") found components: Interpreter
-- Using all available rosidl_typesupport_c: rosidl_typesupport_fastrtps_c;rosidl_typesupport_introspection_c
-- Using all available rosidl_typesupport_cpp: rosidl_typesupport_fastrtps_cpp;rosidl_typesupport_introspection_cpp
-- Found Python3: /usr/bin/python3 (found version "3.14.4") found components: Interpreter Development NumPy Development.Module Development.Embed
-- Found Python3: /usr/bin/python3 (found version "3.14.4") found components: Interpreter
-- Found ament_lint_auto: 0.20.6 (/opt/ros/lyrical/share/ament_lint_auto/cmake)
-- Added test 'lint_cmake' to check CMake code style
-- Added test 'xmllint' to check XML markup files
-- Configuring done (4.2s)
-- Generating done (0.1s)
-- Build files have been written to: /home/rafaelva/termo_monitor/build/interfaces_sistema
[  5%] [1m[34mGenerating Rust code for ROS interfaces[0m
[  5%] [1m[34mGenerating type hashes for ROS interfaces[0m
[  5%] Built target interfaces_sistema__rosidl_generator_type_description
[  8%] [1m[34mGenerating C code for ROS interfaces[0m
[ 11%] [1m[34mGenerating C++ code for ROS interfaces[0m
[ 11%] Built target interfaces_sistema__rs
[ 11%] Built target interfaces_sistema__cpp
[ 20%] [32mBuilding C object CMakeFiles/interfaces_sistema__rosidl_generator_c.dir/rosidl_generator_c/interfaces_sistema/srv/detail/reset_temperatura__functions.c.o[0m
[ 20%] [32mBuilding C object CMakeFiles/interfaces_sistema__rosidl_generator_c.dir/rosidl_generator_c/interfaces_sistema/srv/detail/reset_temperatura__type_support.c.o[0m
[ 20%] [32mBuilding C object CMakeFiles/interfaces_sistema__rosidl_generator_c.dir/rosidl_generator_c/interfaces_sistema/srv/detail/reset_temperatura__description.c.o[0m
[ 22%] [1m[32mLinking C shared library libinterfaces_sistema__rosidl_generator_c.so[0m
[ 22%] Built target interfaces_sistema__rosidl_generator_c
[ 28%] [1m[34mGenerating C type support for eProsima Fast-RTPS[0m
[ 28%] [1m[34mGenerating C type support dispatch for ROS interfaces[0m
[ 31%] [1m[34mGenerating C++ introspection for ROS interfaces[0m
[ 34%] [1m[34mGenerating C++ type support dispatch for ROS interfaces[0m
[ 37%] [1m[34mGenerating C introspection for ROS interfaces[0m
[ 40%] [32mBuilding CXX object CMakeFiles/interfaces_sistema__rosidl_typesupport_c.dir/rosidl_typesupport_c/interfaces_sistema/srv/reset_temperatura__type_support.cpp.o[0m
[ 42%] [32mBuilding CXX object CMakeFiles/interfaces_sistema__rosidl_typesupport_cpp.dir/rosidl_typesupport_cpp/interfaces_sistema/srv/reset_temperatura__type_support.cpp.o[0m
[ 48%] [1m[32mLinking CXX shared library libinterfaces_sistema__rosidl_typesupport_c.so[0m
[ 48%] [32mBuilding C object CMakeFiles/interfaces_sistema__rosidl_typesupport_introspection_c.dir/rosidl_typesupport_introspection_c/interfaces_sistema/srv/detail/reset_temperatura__type_support.c.o[0m
[ 51%] [32mBuilding CXX object CMakeFiles/interfaces_sistema__rosidl_typesupport_introspection_cpp.dir/rosidl_typesupport_introspection_cpp/interfaces_sistema/srv/detail/reset_temperatura__type_support.cpp.o[0m
[ 54%] [1m[32mLinking C shared library libinterfaces_sistema__rosidl_typesupport_introspection_c.so[0m
[ 57%] [32mBuilding CXX object CMakeFiles/interfaces_sistema__rosidl_typesupport_fastrtps_c.dir/rosidl_typesupport_fastrtps_c/interfaces_sistema/srv/detail/reset_temperatura__type_support_c.cpp.o[0m
[ 57%] Built target interfaces_sistema__rosidl_typesupport_c
[ 57%] Built target interfaces_sistema__rosidl_typesupport_introspection_c
[ 60%] [1m[32mLinking CXX shared library libinterfaces_sistema__rosidl_typesupport_cpp.so[0m
[ 62%] [1m[32mLinking CXX shared library libinterfaces_sistema__rosidl_typesupport_introspection_cpp.so[0m
[ 62%] Built target interfaces_sistema__rosidl_typesupport_cpp
[ 65%] [1m[32mLinking CXX shared library libinterfaces_sistema__rosidl_typesupport_fastrtps_c.so[0m
[ 65%] Built target interfaces_sistema__rosidl_typesupport_introspection_cpp
[ 65%] Built target interfaces_sistema__rosidl_typesupport_fastrtps_c
[ 68%] [1m[34mGenerating C++ type support for eProsima Fast-RTPS[0m
[ 71%] [32mBuilding CXX object CMakeFiles/interfaces_sistema__rosidl_typesupport_fastrtps_cpp.dir/rosidl_typesupport_fastrtps_cpp/interfaces_sistema/srv/detail/dds_fastrtps/reset_temperatura__type_support.cpp.o[0m
[ 74%] [1m[32mLinking CXX shared library libinterfaces_sistema__rosidl_typesupport_fastrtps_cpp.so[0m
[ 74%] Built target interfaces_sistema__rosidl_typesupport_fastrtps_cpp
[ 74%] Built target interfaces_sistema
[ 77%] [1m[34mGenerating Python code for ROS interfaces[0m
[ 77%] Built target interfaces_sistema__py
[ 80%] [32mBuilding C object CMakeFiles/interfaces_sistema__rosidl_generator_py.dir/rosidl_generator_py/interfaces_sistema/srv/_reset_temperatura_s.c.o[0m
[ 80%] Built target ament_cmake_python_sync_interfaces_sistema
[ 82%] [1m[32mLinking C shared library libinterfaces_sistema__rosidl_generator_py.so[0m
running egg_info
creating interfaces_sistema.egg-info
writing interfaces_sistema.egg-info/PKG-INFO
writing dependency_links to interfaces_sistema.egg-info/dependency_links.txt
writing top-level names to interfaces_sistema.egg-info/top_level.txt
writing manifest file 'interfaces_sistema.egg-info/SOURCES.txt'
reading manifest file 'interfaces_sistema.egg-info/SOURCES.txt'
writing manifest file 'interfaces_sistema.egg-info/SOURCES.txt'
[ 82%] Built target interfaces_sistema__rosidl_generator_py
[ 85%] [32mBuilding C object CMakeFiles/interfaces_sistema_s__rosidl_typesupport_c.dir/rosidl_generator_py/interfaces_sistema/_interfaces_sistema_s.ep.rosidl_typesupport_c.c.o[0m
[ 88%] [32mBuilding C object CMakeFiles/interfaces_sistema_s__rosidl_typesupport_fastrtps_c.dir/rosidl_generator_py/interfaces_sistema/_interfaces_sistema_s.ep.rosidl_typesupport_fastrtps_c.c.o[0m
[ 91%] [32mBuilding C object CMakeFiles/interfaces_sistema_s__rosidl_typesupport_introspection_c.dir/rosidl_generator_py/interfaces_sistema/_interfaces_sistema_s.ep.rosidl_typesupport_introspection_c.c.o[0m
[ 91%] Built target ament_cmake_python_build_interfaces_sistema_egg
[ 94%] [1m[32mLinking C shared module rosidl_generator_py/interfaces_sistema/interfaces_sistema_s__rosidl_typesupport_c.so[0m
[ 97%] [1m[32mLinking C shared module rosidl_generator_py/interfaces_sistema/interfaces_sistema_s__rosidl_typesupport_fastrtps_c.so[0m
[100%] [1m[32mLinking C shared module rosidl_generator_py/interfaces_sistema/interfaces_sistema_s__rosidl_typesupport_introspection_c.so[0m
[100%] Built target interfaces_sistema_s__rosidl_typesupport_c
[100%] Built target interfaces_sistema_s__rosidl_typesupport_fastrtps_c
[100%] Built target interfaces_sistema_s__rosidl_typesupport_introspection_c
-- Install configuration: ""
-- Installing: /home/rafaelva/termo_monitor/install/interfaces_sistema/share/ament_index/resource_index/rosidl_interfaces/interfaces_sistema
-- Installing: /home/rafaelva/termo_monitor/install/interfaces_sistema/share/interfaces_sistema/srv/ResetTemperatura.json
-- Installing: /home/rafaelva/termo_monitor/install/interfaces_sistema/include/interfaces_sistema/interfaces_sistema
-- Installing: /home/rafaelva/termo_monitor/install/interfaces_sistema/include/interfaces_sistema/interfaces_sistema/srv
-- Installing: /home/rafaelva/termo_monitor/install/interfaces_sistema/include/interfaces_sistema/interfaces_sistema/srv/detail
-- Installing: /home/rafaelva/termo_monitor/install/interfaces_sistema/include/interfaces_sistema/interfaces_sistema/srv/detail/reset_temperatura__struct.h
-- Installing: /home/rafaelva/termo_monitor/install/interfaces_sistema/include/interfaces_sistema/interfaces_sistema/srv/detail/reset_temperatura__type_support.h
-- Installing: /home/rafaelva/termo_monitor/install/interfaces_sistema/include/interfaces_sistema/interfaces_sistema/srv/detail/reset_temperatura__functions.h
-- Installing: /home/rafaelva/termo_monitor/install/interfaces_sistema/include/interfaces_sistema/interfaces_sistema/srv/detail/reset_temperatura__functions.c
-- Installing: /home/rafaelva/termo_monitor/install/interfaces_sistema/include/interfaces_sistema/interfaces_sistema/srv/detail/reset_temperatura__type_support.c
-- Installing: /home/rafaelva/termo_monitor/install/interfaces_sistema/include/interfaces_sistema/interfaces_sistema/srv/detail/reset_temperatura__description.c
-- Installing: /home/rafaelva/termo_monitor/install/interfaces_sistema/include/interfaces_sistema/interfaces_sistema/srv/reset_temperatura.h
-- Installing: /home/rafaelva/termo_monitor/install/interfaces_sistema/include/interfaces_sistema/interfaces_sistema/msg
-- Installing: /home/rafaelva/termo_monitor/install/interfaces_sistema/include/interfaces_sistema/interfaces_sistema/msg/rosidl_generator_c__visibility_control.h
-- Installing: /home/rafaelva/termo_monitor/install/interfaces_sistema/share/interfaces_sistema/environment/library_path.sh
-- Installing: /home/rafaelva/termo_monitor/install/interfaces_sistema/share/interfaces_sistema/environment/library_path.dsv
-- Installing: /home/rafaelva/termo_monitor/install/interfaces_sistema/lib/libinterfaces_sistema__rosidl_generator_c.so
-- Set non-toolchain portion of runtime path of "/home/rafaelva/termo_monitor/install/interfaces_sistema/lib/libinterfaces_sistema__rosidl_generator_c.so" to ""
-- Up-to-date: /home/rafaelva/termo_monitor/install/interfaces_sistema/include/interfaces_sistema/interfaces_sistema
-- Up-to-date: /home/rafaelva/termo_monitor/install/interfaces_sistema/include/interfaces_sistema/interfaces_sistema/srv
-- Up-to-date: /home/rafaelva/termo_monitor/install/interfaces_sistema/include/interfaces_sistema/interfaces_sistema/srv/detail
-- Installing: /home/rafaelva/termo_monitor/install/interfaces_sistema/include/interfaces_sistema/interfaces_sistema/srv/detail/reset_temperatura__rosidl_typesupport_fastrtps_c.h
-- Up-to-date: /home/rafaelva/termo_monitor/install/interfaces_sistema/include/interfaces_sistema/interfaces_sistema/msg
-- Installing: /home/rafaelva/termo_monitor/install/interfaces_sistema/include/interfaces_sistema/interfaces_sistema/msg/rosidl_typesupport_fastrtps_c__visibility_control.h
-- Installing: /home/rafaelva/termo_monitor/install/interfaces_sistema/lib/libinterfaces_sistema__rosidl_typesupport_fastrtps_c.so
-- Set non-toolchain portion of runtime path of "/home/rafaelva/termo_monitor/install/interfaces_sistema/lib/libinterfaces_sistema__rosidl_typesupport_fastrtps_c.so" to ""
-- Up-to-date: /home/rafaelva/termo_monitor/install/interfaces_sistema/include/interfaces_sistema/interfaces_sistema
-- Up-to-date: /home/rafaelva/termo_monitor/install/interfaces_sistema/include/interfaces_sistema/interfaces_sistema/srv
-- Up-to-date: /home/rafaelva/termo_monitor/install/interfaces_sistema/include/interfaces_sistema/interfaces_sistema/srv/detail
-- Installing: /home/rafaelva/termo_monitor/install/interfaces_sistema/include/interfaces_sistema/interfaces_sistema/srv/detail/reset_temperatura__rosidl_typesupport_introspection_c.h
-- Up-to-date: /home/rafaelva/termo_monitor/install/interfaces_sistema/include/interfaces_sistema/interfaces_sistema/srv/detail/reset_temperatura__type_support.c
-- Up-to-date: /home/rafaelva/termo_monitor/install/interfaces_sistema/include/interfaces_sistema/interfaces_sistema/msg
-- Installing: /home/rafaelva/termo_monitor/install/interfaces_sistema/include/interfaces_sistema/interfaces_sistema/msg/rosidl_typesupport_introspection_c__visibility_control.h
-- Installing: /home/rafaelva/termo_monitor/install/interfaces_sistema/lib/libinterfaces_sistema__rosidl_typesupport_introspection_c.so
-- Set non-toolchain portion of runtime path of "/home/rafaelva/termo_monitor/install/interfaces_sistema/lib/libinterfaces_sistema__rosidl_typesupport_introspection_c.so" to ""
-- Installing: /home/rafaelva/termo_monitor/install/interfaces_sistema/lib/libinterfaces_sistema__rosidl_typesupport_c.so
-- Set non-toolchain portion of runtime path of "/home/rafaelva/termo_monitor/install/interfaces_sistema/lib/libinterfaces_sistema__rosidl_typesupport_c.so" to ""
-- Up-to-date: /home/rafaelva/termo_monitor/install/interfaces_sistema/include/interfaces_sistema/interfaces_sistema
-- Up-to-date: /home/rafaelva/termo_monitor/install/interfaces_sistema/include/interfaces_sistema/interfaces_sistema/srv
-- Installing: /home/rafaelva/termo_monitor/install/interfaces_sistema/include/interfaces_sistema/interfaces_sistema/srv/reset_temperatura.hpp
-- Up-to-date: /home/rafaelva/termo_monitor/install/interfaces_sistema/include/interfaces_sistema/interfaces_sistema/srv/detail
-- Installing: /home/rafaelva/termo_monitor/install/interfaces_sistema/include/interfaces_sistema/interfaces_sistema/srv/detail/reset_temperatura__builder.hpp
-- Installing: /home/rafaelva/termo_monitor/install/interfaces_sistema/include/interfaces_sistema/interfaces_sistema/srv/detail/reset_temperatura__type_support.hpp
-- Installing: /home/rafaelva/termo_monitor/install/interfaces_sistema/include/interfaces_sistema/interfaces_sistema/srv/detail/reset_temperatura__traits.hpp
-- Installing: /home/rafaelva/termo_monitor/install/interfaces_sistema/include/interfaces_sistema/interfaces_sistema/srv/detail/reset_temperatura__struct.hpp
-- Up-to-date: /home/rafaelva/termo_monitor/install/interfaces_sistema/include/interfaces_sistema/interfaces_sistema/msg
-- Installing: /home/rafaelva/termo_monitor/install/interfaces_sistema/include/interfaces_sistema/interfaces_sistema/msg/rosidl_generator_cpp__visibility_control.hpp
-- Up-to-date: /home/rafaelva/termo_monitor/install/interfaces_sistema/include/interfaces_sistema/interfaces_sistema
-- Up-to-date: /home/rafaelva/termo_monitor/install/interfaces_sistema/include/interfaces_sistema/interfaces_sistema/srv
-- Up-to-date: /home/rafaelva/termo_monitor/install/interfaces_sistema/include/interfaces_sistema/interfaces_sistema/srv/detail
-- Installing: /home/rafaelva/termo_monitor/install/interfaces_sistema/include/interfaces_sistema/interfaces_sistema/srv/detail/reset_temperatura__rosidl_typesupport_fastrtps_cpp.hpp
-- Installing: /home/rafaelva/termo_monitor/install/interfaces_sistema/include/interfaces_sistema/interfaces_sistema/srv/detail/dds_fastrtps
-- Up-to-date: /home/rafaelva/termo_monitor/install/interfaces_sistema/include/interfaces_sistema/interfaces_sistema/msg
-- Installing: /home/rafaelva/termo_monitor/install/interfaces_sistema/include/interfaces_sistema/interfaces_sistema/msg/rosidl_typesupport_fastrtps_cpp__visibility_control.h
-- Installing: /home/rafaelva/termo_monitor/install/interfaces_sistema/lib/libinterfaces_sistema__rosidl_typesupport_fastrtps_cpp.so
-- Set non-toolchain portion of runtime path of "/home/rafaelva/termo_monitor/install/interfaces_sistema/lib/libinterfaces_sistema__rosidl_typesupport_fastrtps_cpp.so" to ""
-- Up-to-date: /home/rafaelva/termo_monitor/install/interfaces_sistema/include/interfaces_sistema/interfaces_sistema
-- Up-to-date: /home/rafaelva/termo_monitor/install/interfaces_sistema/include/interfaces_sistema/interfaces_sistema/srv
-- Up-to-date: /home/rafaelva/termo_monitor/install/interfaces_sistema/include/interfaces_sistema/interfaces_sistema/srv/detail
-- Installing: /home/rafaelva/termo_monitor/install/interfaces_sistema/include/interfaces_sistema/interfaces_sistema/srv/detail/reset_temperatura__type_support.cpp
-- Installing: /home/rafaelva/termo_monitor/install/interfaces_sistema/include/interfaces_sistema/interfaces_sistema/srv/detail/reset_temperatura__rosidl_typesupport_introspection_cpp.hpp
-- Installing: /home/rafaelva/termo_monitor/install/interfaces_sistema/lib/libinterfaces_sistema__rosidl_typesupport_introspection_cpp.so
-- Set non-toolchain portion of runtime path of "/home/rafaelva/termo_monitor/install/interfaces_sistema/lib/libinterfaces_sistema__rosidl_typesupport_introspection_cpp.so" to ""
-- Installing: /home/rafaelva/termo_monitor/install/interfaces_sistema/lib/libinterfaces_sistema__rosidl_typesupport_cpp.so
-- Set non-toolchain portion of runtime path of "/home/rafaelva/termo_monitor/install/interfaces_sistema/lib/libinterfaces_sistema__rosidl_typesupport_cpp.so" to ""
-- Installing: /home/rafaelva/termo_monitor/install/interfaces_sistema/share/interfaces_sistema/environment/pythonpath.sh
-- Installing: /home/rafaelva/termo_monitor/install/interfaces_sistema/share/interfaces_sistema/environment/pythonpath.dsv
-- Installing: /home/rafaelva/termo_monitor/install/interfaces_sistema/lib/python3.14/site-packages/interfaces_sistema/interfaces_sistema_s__rosidl_typesupport_fastrtps_c.so
-- Set non-toolchain portion of runtime path of "/home/rafaelva/termo_monitor/install/interfaces_sistema/lib/python3.14/site-packages/interfaces_sistema/interfaces_sistema_s__rosidl_typesupport_fastrtps_c.so" to ""
-- Installing: /home/rafaelva/termo_monitor/install/interfaces_sistema/lib/python3.14/site-packages/interfaces_sistema/interfaces_sistema_s__rosidl_typesupport_introspection_c.so
-- Set non-toolchain portion of runtime path of "/home/rafaelva/termo_monitor/install/interfaces_sistema/lib/python3.14/site-packages/interfaces_sistema/interfaces_sistema_s__rosidl_typesupport_introspection_c.so" to ""
-- Installing: /home/rafaelva/termo_monitor/install/interfaces_sistema/lib/python3.14/site-packages/interfaces_sistema/interfaces_sistema_s__rosidl_typesupport_c.so
-- Set non-toolchain portion of runtime path of "/home/rafaelva/termo_monitor/install/interfaces_sistema/lib/python3.14/site-packages/interfaces_sistema/interfaces_sistema_s__rosidl_typesupport_c.so" to ""
-- Installing: /home/rafaelva/termo_monitor/install/interfaces_sistema/lib/libinterfaces_sistema__rosidl_generator_py.so
-- Set non-toolchain portion of runtime path of "/home/rafaelva/termo_monitor/install/interfaces_sistema/lib/libinterfaces_sistema__rosidl_generator_py.so" to ""
-- Installing: /home/rafaelva/termo_monitor/install/interfaces_sistema/share/interfaces_sistema/rust
-- Installing: /home/rafaelva/termo_monitor/install/interfaces_sistema/share/interfaces_sistema/rust/src
-- Installing: /home/rafaelva/termo_monitor/install/interfaces_sistema/share/interfaces_sistema/rust/src/lib.rs
-- Installing: /home/rafaelva/termo_monitor/install/interfaces_sistema/share/interfaces_sistema/rust/src/srv.rs
-- Installing: /home/rafaelva/termo_monitor/install/interfaces_sistema/share/interfaces_sistema/rust/src/srv
-- Installing: /home/rafaelva/termo_monitor/install/interfaces_sistema/share/interfaces_sistema/rust/src/srv/rmw.rs
-- Installing: /home/rafaelva/termo_monitor/install/interfaces_sistema/share/interfaces_sistema/rust/build.rs
-- Installing: /home/rafaelva/termo_monitor/install/interfaces_sistema/share/interfaces_sistema/rust/Cargo.toml
-- Installing: /home/rafaelva/termo_monitor/install/interfaces_sistema/share/interfaces_sistema/srv/ResetTemperatura.idl
-- Installing: /home/rafaelva/termo_monitor/install/interfaces_sistema/share/interfaces_sistema/srv/ResetTemperatura.srv
-- Installing: /home/rafaelva/termo_monitor/install/interfaces_sistema/share/ament_index/resource_index/package_run_dependencies/interfaces_sistema
-- Installing: /home/rafaelva/termo_monitor/install/interfaces_sistema/share/ament_index/resource_index/parent_prefix_path/interfaces_sistema
-- Installing: /home/rafaelva/termo_monitor/install/interfaces_sistema/share/interfaces_sistema/environment/ament_prefix_path.sh
-- Installing: /home/rafaelva/termo_monitor/install/interfaces_sistema/share/interfaces_sistema/environment/ament_prefix_path.dsv
-- Installing: /home/rafaelva/termo_monitor/install/interfaces_sistema/share/interfaces_sistema/environment/path.sh
-- Installing: /home/rafaelva/termo_monitor/install/interfaces_sistema/share/interfaces_sistema/environment/path.dsv
-- Installing: /home/rafaelva/termo_monitor/install/interfaces_sistema/share/interfaces_sistema/local_setup.bash
-- Installing: /home/rafaelva/termo_monitor/install/interfaces_sistema/share/interfaces_sistema/local_setup.fish
-- Installing: /home/rafaelva/termo_monitor/install/interfaces_sistema/share/interfaces_sistema/local_setup.sh
-- Installing: /home/rafaelva/termo_monitor/install/interfaces_sistema/share/interfaces_sistema/local_setup.zsh
-- Installing: /home/rafaelva/termo_monitor/install/interfaces_sistema/share/interfaces_sistema/local_setup.dsv
-- Installing: /home/rafaelva/termo_monitor/install/interfaces_sistema/share/interfaces_sistema/package.dsv
-- Installing: /home/rafaelva/termo_monitor/install/interfaces_sistema/share/ament_index/resource_index/packages/interfaces_sistema
-- Installing: /home/rafaelva/termo_monitor/install/interfaces_sistema/share/interfaces_sistema/cmake/export_interfaces_sistema__rosidl_generator_cExport.cmake
-- Installing: /home/rafaelva/termo_monitor/install/interfaces_sistema/share/interfaces_sistema/cmake/export_interfaces_sistema__rosidl_generator_cExport-noconfig.cmake
-- Installing: /home/rafaelva/termo_monitor/install/interfaces_sistema/share/interfaces_sistema/cmake/export_interfaces_sistema__rosidl_typesupport_fastrtps_cExport.cmake
-- Installing: /home/rafaelva/termo_monitor/install/interfaces_sistema/share/interfaces_sistema/cmake/export_interfaces_sistema__rosidl_typesupport_fastrtps_cExport-noconfig.cmake
-- Installing: /home/rafaelva/termo_monitor/install/interfaces_sistema/share/interfaces_sistema/cmake/interfaces_sistema__rosidl_typesupport_introspection_cExport.cmake
-- Installing: /home/rafaelva/termo_monitor/install/interfaces_sistema/share/interfaces_sistema/cmake/interfaces_sistema__rosidl_typesupport_introspection_cExport-noconfig.cmake
-- Installing: /home/rafaelva/termo_monitor/install/interfaces_sistema/share/interfaces_sistema/cmake/interfaces_sistema__rosidl_typesupport_cExport.cmake
-- Installing: /home/rafaelva/termo_monitor/install/interfaces_sistema/share/interfaces_sistema/cmake/interfaces_sistema__rosidl_typesupport_cExport-noconfig.cmake
-- Installing: /home/rafaelva/termo_monitor/install/interfaces_sistema/share/interfaces_sistema/cmake/export_interfaces_sistema__rosidl_generator_cppExport.cmake
-- Installing: /home/rafaelva/termo_monitor/install/interfaces_sistema/share/interfaces_sistema/cmake/export_interfaces_sistema__rosidl_typesupport_fastrtps_cppExport.cmake
-- Installing: /home/rafaelva/termo_monitor/install/interfaces_sistema/share/interfaces_sistema/cmake/export_interfaces_sistema__rosidl_typesupport_fastrtps_cppExport-noconfig.cmake
-- Installing: /home/rafaelva/termo_monitor/install/interfaces_sistema/share/interfaces_sistema/cmake/interfaces_sistema__rosidl_typesupport_introspection_cppExport.cmake
-- Installing: /home/rafaelva/termo_monitor/install/interfaces_sistema/share/interfaces_sistema/cmake/interfaces_sistema__rosidl_typesupport_introspection_cppExport-noconfig.cmake
-- Installing: /home/rafaelva/termo_monitor/install/interfaces_sistema/share/interfaces_sistema/cmake/interfaces_sistema__rosidl_typesupport_cppExport.cmake
-- Installing: /home/rafaelva/termo_monitor/install/interfaces_sistema/share/interfaces_sistema/cmake/interfaces_sistema__rosidl_typesupport_cppExport-noconfig.cmake
-- Installing: /home/rafaelva/termo_monitor/install/interfaces_sistema/share/interfaces_sistema/cmake/export_interfaces_sistema__rosidl_generator_pyExport.cmake
-- Installing: /home/rafaelva/termo_monitor/install/interfaces_sistema/share/interfaces_sistema/cmake/export_interfaces_sistema__rosidl_generator_pyExport-noconfig.cmake
-- Installing: /home/rafaelva/termo_monitor/install/interfaces_sistema/lib/python3.14/site-packages/interfaces_sistema-0.0.0-py3.14.egg-info
-- Installing: /home/rafaelva/termo_monitor/install/interfaces_sistema/lib/python3.14/site-packages/interfaces_sistema-0.0.0-py3.14.egg-info/SOURCES.txt
-- Installing: /home/rafaelva/termo_monitor/install/interfaces_sistema/lib/python3.14/site-packages/interfaces_sistema-0.0.0-py3.14.egg-info/top_level.txt
-- Installing: /home/rafaelva/termo_monitor/install/interfaces_sistema/lib/python3.14/site-packages/interfaces_sistema-0.0.0-py3.14.egg-info/PKG-INFO
-- Installing: /home/rafaelva/termo_monitor/install/interfaces_sistema/lib/python3.14/site-packages/interfaces_sistema-0.0.0-py3.14.egg-info/dependency_links.txt
-- Up-to-date: /home/rafaelva/termo_monitor/install/interfaces_sistema/lib/python3.14/site-packages/interfaces_sistema
-- Installing: /home/rafaelva/termo_monitor/install/interfaces_sistema/lib/python3.14/site-packages/interfaces_sistema/py.typed
-- Up-to-date: /home/rafaelva/termo_monitor/install/interfaces_sistema/lib/python3.14/site-packages/interfaces_sistema/interfaces_sistema_s__rosidl_typesupport_introspection_c.so
-- Installing: /home/rafaelva/termo_monitor/install/interfaces_sistema/lib/python3.14/site-packages/interfaces_sistema/_interfaces_sistema_s.ep.rosidl_typesupport_c.c
-- Installing: /home/rafaelva/termo_monitor/install/interfaces_sistema/lib/python3.14/site-packages/interfaces_sistema/srv
-- Installing: /home/rafaelva/termo_monitor/install/interfaces_sistema/lib/python3.14/site-packages/interfaces_sistema/srv/_reset_temperatura.py
-- Installing: /home/rafaelva/termo_monitor/install/interfaces_sistema/lib/python3.14/site-packages/interfaces_sistema/srv/_reset_temperatura_s.c
-- Installing: /home/rafaelva/termo_monitor/install/interfaces_sistema/lib/python3.14/site-packages/interfaces_sistema/srv/__init__.py
-- Installing: /home/rafaelva/termo_monitor/install/interfaces_sistema/lib/python3.14/site-packages/interfaces_sistema/_interfaces_sistema_s.ep.rosidl_typesupport_fastrtps_c.c
-- Up-to-date: /home/rafaelva/termo_monitor/install/interfaces_sistema/lib/python3.14/site-packages/interfaces_sistema/interfaces_sistema_s__rosidl_typesupport_c.so
-- Up-to-date: /home/rafaelva/termo_monitor/install/interfaces_sistema/lib/python3.14/site-packages/interfaces_sistema/interfaces_sistema_s__rosidl_typesupport_fastrtps_c.so
-- Installing: /home/rafaelva/termo_monitor/install/interfaces_sistema/lib/python3.14/site-packages/interfaces_sistema/_interfaces_sistema_s.ep.rosidl_typesupport_introspection_c.c
-- Installing: /home/rafaelva/termo_monitor/install/interfaces_sistema/lib/python3.14/site-packages/interfaces_sistema/__init__.py
Listing '/home/rafaelva/termo_monitor/install/interfaces_sistema/lib/python3.14/site-packages/interfaces_sistema'...
Compiling '/home/rafaelva/termo_monitor/install/interfaces_sistema/lib/python3.14/site-packages/interfaces_sistema/__init__.py'...
Listing '/home/rafaelva/termo_monitor/install/interfaces_sistema/lib/python3.14/site-packages/interfaces_sistema/srv'...
Compiling '/home/rafaelva/termo_monitor/install/interfaces_sistema/lib/python3.14/site-packages/interfaces_sistema/srv/__init__.py'...
Compiling '/home/rafaelva/termo_monitor/install/interfaces_sistema/lib/python3.14/site-packages/interfaces_sistema/srv/_reset_temperatura.py'...
-- Installing: /home/rafaelva/termo_monitor/install/interfaces_sistema/share/interfaces_sistema/cmake/rosidl_cmake-extras.cmake
-- Installing: /home/rafaelva/termo_monitor/install/interfaces_sistema/share/interfaces_sistema/cmake/ament_cmake_export_dependencies-extras.cmake
-- Installing: /home/rafaelva/termo_monitor/install/interfaces_sistema/share/interfaces_sistema/cmake/ament_cmake_export_include_directories-extras.cmake
-- Installing: /home/rafaelva/termo_monitor/install/interfaces_sistema/share/interfaces_sistema/cmake/ament_cmake_export_libraries-extras.cmake
-- Installing: /home/rafaelva/termo_monitor/install/interfaces_sistema/share/interfaces_sistema/cmake/ament_cmake_export_targets-extras.cmake
-- Installing: /home/rafaelva/termo_monitor/install/interfaces_sistema/share/interfaces_sistema/cmake/rosidl_cmake_export_typesupport_targets-extras.cmake
-- Installing: /home/rafaelva/termo_monitor/install/interfaces_sistema/share/interfaces_sistema/cmake/rosidl_cmake_export_typesupport_libraries-extras.cmake
-- Installing: /home/rafaelva/termo_monitor/install/interfaces_sistema/share/interfaces_sistema/cmake/rosidl_cmake_aggregate_target-extras.cmake
-- Installing: /home/rafaelva/termo_monitor/install/interfaces_sistema/share/interfaces_sistema/cmake/interfaces_sistemaConfig.cmake
-- Installing: /home/rafaelva/termo_monitor/install/interfaces_sistema/share/interfaces_sistema/cmake/interfaces_sistemaConfig-version.cmake
-- Installing: /home/rafaelva/termo_monitor/install/interfaces_sistema/share/interfaces_sistema/package.xml
