[0.028s] Invoking command in '/home/rafaelva/termo_monitor/build/interfaces_sistema': CMAKE_PREFIX_PATH=${CMAKE_PREFIX_PATH}:/home/rafaelva/termo_monitor/install/sistema:/opt/ros/lyrical /usr/bin/cmake --build /home/rafaelva/termo_monitor/build/interfaces_sistema -- -j16 -l16
[0.140s] [  5%] Built target interfaces_sistema__rs
[0.140s] [  5%] Built target interfaces_sistema__rosidl_generator_type_description
[0.168s] [  8%] Built target interfaces_sistema__cpp
[0.168s] [ 22%] Built target interfaces_sistema__rosidl_generator_c
[0.200s] [ 31%] Built target interfaces_sistema__rosidl_typesupport_introspection_c
[0.201s] [ 42%] Built target interfaces_sistema__rosidl_typesupport_cpp
[0.202s] [ 57%] Built target interfaces_sistema__rosidl_typesupport_c
[0.202s] [ 57%] Built target interfaces_sistema__rosidl_typesupport_introspection_cpp
[0.202s] [ 65%] Built target interfaces_sistema__rosidl_typesupport_fastrtps_c
[0.233s] [ 74%] Built target interfaces_sistema__rosidl_typesupport_fastrtps_cpp
[0.256s] [ 74%] Built target interfaces_sistema
[0.285s] [ 77%] Built target interfaces_sistema__py
[0.314s] [ 82%] Built target interfaces_sistema__rosidl_generator_py
[0.328s] [ 82%] Built target ament_cmake_python_sync_interfaces_sistema
[0.345s] [100%] Built target interfaces_sistema_s__rosidl_typesupport_fastrtps_c
[0.345s] [100%] Built target interfaces_sistema_s__rosidl_typesupport_c
[0.345s] [100%] Built target interfaces_sistema_s__rosidl_typesupport_introspection_c
[0.560s] running egg_info
[0.576s] writing interfaces_sistema.egg-info/PKG-INFO
[0.577s] writing dependency_links to interfaces_sistema.egg-info/dependency_links.txt
[0.577s] writing top-level names to interfaces_sistema.egg-info/top_level.txt
[0.628s] reading manifest file 'interfaces_sistema.egg-info/SOURCES.txt'
[0.629s] writing manifest file 'interfaces_sistema.egg-info/SOURCES.txt'
[0.666s] [100%] Built target ament_cmake_python_build_interfaces_sistema_egg
[0.680s] Invoked command in '/home/rafaelva/termo_monitor/build/interfaces_sistema' returned '0': CMAKE_PREFIX_PATH=${CMAKE_PREFIX_PATH}:/home/rafaelva/termo_monitor/install/sistema:/opt/ros/lyrical /usr/bin/cmake --build /home/rafaelva/termo_monitor/build/interfaces_sistema -- -j16 -l16
[0.693s] Invoking command in '/home/rafaelva/termo_monitor/build/interfaces_sistema': CMAKE_PREFIX_PATH=${CMAKE_PREFIX_PATH}:/home/rafaelva/termo_monitor/install/sistema:/opt/ros/lyrical /usr/bin/cmake --install /home/rafaelva/termo_monitor/build/interfaces_sistema
[0.703s] -- Install configuration: ""
[0.703s] -- Up-to-date: /home/rafaelva/termo_monitor/install/interfaces_sistema/share/ament_index/resource_index/rosidl_interfaces/interfaces_sistema
[0.703s] -- Up-to-date: /home/rafaelva/termo_monitor/install/interfaces_sistema/share/interfaces_sistema/srv/ResetTemperatura.json
[0.703s] -- Up-to-date: /home/rafaelva/termo_monitor/install/interfaces_sistema/include/interfaces_sistema/interfaces_sistema
[0.704s] -- Up-to-date: /home/rafaelva/termo_monitor/install/interfaces_sistema/include/interfaces_sistema/interfaces_sistema/srv
[0.704s] -- Up-to-date: /home/rafaelva/termo_monitor/install/interfaces_sistema/include/interfaces_sistema/interfaces_sistema/srv/detail
[0.705s] -- Up-to-date: /home/rafaelva/termo_monitor/install/interfaces_sistema/include/interfaces_sistema/interfaces_sistema/srv/detail/reset_temperatura__struct.h
[0.705s] -- Up-to-date: /home/rafaelva/termo_monitor/install/interfaces_sistema/include/interfaces_sistema/interfaces_sistema/srv/detail/reset_temperatura__type_support.h
[0.705s] -- Up-to-date: /home/rafaelva/termo_monitor/install/interfaces_sistema/include/interfaces_sistema/interfaces_sistema/srv/detail/reset_temperatura__functions.h
[0.705s] -- Up-to-date: /home/rafaelva/termo_monitor/install/interfaces_sistema/include/interfaces_sistema/interfaces_sistema/srv/detail/reset_temperatura__functions.c
[0.706s] -- Up-to-date: /home/rafaelva/termo_monitor/install/interfaces_sistema/include/interfaces_sistema/interfaces_sistema/srv/detail/reset_temperatura__type_support.c
[0.706s] -- Up-to-date: /home/rafaelva/termo_monitor/install/interfaces_sistema/include/interfaces_sistema/interfaces_sistema/srv/detail/reset_temperatura__description.c
[0.706s] -- Up-to-date: /home/rafaelva/termo_monitor/install/interfaces_sistema/include/interfaces_sistema/interfaces_sistema/srv/reset_temperatura.h
[0.706s] -- Up-to-date: /home/rafaelva/termo_monitor/install/interfaces_sistema/include/interfaces_sistema/interfaces_sistema/msg
[0.706s] -- Up-to-date: /home/rafaelva/termo_monitor/install/interfaces_sistema/include/interfaces_sistema/interfaces_sistema/msg/rosidl_generator_c__visibility_control.h
[0.706s] -- Up-to-date: /home/rafaelva/termo_monitor/install/interfaces_sistema/share/interfaces_sistema/environment/library_path.sh
[0.706s] -- Up-to-date: /home/rafaelva/termo_monitor/install/interfaces_sistema/share/interfaces_sistema/environment/library_path.dsv
[0.706s] -- Up-to-date: /home/rafaelva/termo_monitor/install/interfaces_sistema/lib/libinterfaces_sistema__rosidl_generator_c.so
[0.707s] -- Up-to-date: /home/rafaelva/termo_monitor/install/interfaces_sistema/include/interfaces_sistema/interfaces_sistema
[0.708s] -- Up-to-date: /home/rafaelva/termo_monitor/install/interfaces_sistema/include/interfaces_sistema/interfaces_sistema/srv
[0.708s] -- Up-to-date: /home/rafaelva/termo_monitor/install/interfaces_sistema/include/interfaces_sistema/interfaces_sistema/srv/detail
[0.708s] -- Up-to-date: /home/rafaelva/termo_monitor/install/interfaces_sistema/include/interfaces_sistema/interfaces_sistema/srv/detail/reset_temperatura__rosidl_typesupport_fastrtps_c.h
[0.708s] -- Up-to-date: /home/rafaelva/termo_monitor/install/interfaces_sistema/include/interfaces_sistema/interfaces_sistema/msg
[0.708s] -- Up-to-date: /home/rafaelva/termo_monitor/install/interfaces_sistema/include/interfaces_sistema/interfaces_sistema/msg/rosidl_typesupport_fastrtps_c__visibility_control.h
[0.710s] -- Up-to-date: /home/rafaelva/termo_monitor/install/interfaces_sistema/lib/libinterfaces_sistema__rosidl_typesupport_fastrtps_c.so
[0.710s] -- Up-to-date: /home/rafaelva/termo_monitor/install/interfaces_sistema/include/interfaces_sistema/interfaces_sistema
[0.710s] -- Up-to-date: /home/rafaelva/termo_monitor/install/interfaces_sistema/include/interfaces_sistema/interfaces_sistema/srv
[0.711s] -- Up-to-date: /home/rafaelva/termo_monitor/install/interfaces_sistema/include/interfaces_sistema/interfaces_sistema/srv/detail
[0.711s] -- Up-to-date: /home/rafaelva/termo_monitor/install/interfaces_sistema/include/interfaces_sistema/interfaces_sistema/srv/detail/reset_temperatura__rosidl_typesupport_introspection_c.h
[0.711s] -- Up-to-date: /home/rafaelva/termo_monitor/install/interfaces_sistema/include/interfaces_sistema/interfaces_sistema/srv/detail/reset_temperatura__type_support.c
[0.712s] -- Up-to-date: /home/rafaelva/termo_monitor/install/interfaces_sistema/include/interfaces_sistema/interfaces_sistema/msg
[0.712s] -- Up-to-date: /home/rafaelva/termo_monitor/install/interfaces_sistema/include/interfaces_sistema/interfaces_sistema/msg/rosidl_typesupport_introspection_c__visibility_control.h
[0.712s] -- Up-to-date: /home/rafaelva/termo_monitor/install/interfaces_sistema/lib/libinterfaces_sistema__rosidl_typesupport_introspection_c.so
[0.713s] -- Up-to-date: /home/rafaelva/termo_monitor/install/interfaces_sistema/lib/libinterfaces_sistema__rosidl_typesupport_c.so
[0.713s] -- Up-to-date: /home/rafaelva/termo_monitor/install/interfaces_sistema/include/interfaces_sistema/interfaces_sistema
[0.713s] -- Up-to-date: /home/rafaelva/termo_monitor/install/interfaces_sistema/include/interfaces_sistema/interfaces_sistema/srv
[0.713s] -- Up-to-date: /home/rafaelva/termo_monitor/install/interfaces_sistema/include/interfaces_sistema/interfaces_sistema/srv/reset_temperatura.hpp
[0.713s] -- Up-to-date: /home/rafaelva/termo_monitor/install/interfaces_sistema/include/interfaces_sistema/interfaces_sistema/srv/detail
[0.714s] -- Up-to-date: /home/rafaelva/termo_monitor/install/interfaces_sistema/include/interfaces_sistema/interfaces_sistema/srv/detail/reset_temperatura__builder.hpp
[0.714s] -- Up-to-date: /home/rafaelva/termo_monitor/install/interfaces_sistema/include/interfaces_sistema/interfaces_sistema/srv/detail/reset_temperatura__type_support.hpp
[0.714s] -- Up-to-date: /home/rafaelva/termo_monitor/install/interfaces_sistema/include/interfaces_sistema/interfaces_sistema/srv/detail/reset_temperatura__traits.hpp
[0.714s] -- Up-to-date: /home/rafaelva/termo_monitor/install/interfaces_sistema/include/interfaces_sistema/interfaces_sistema/srv/detail/reset_temperatura__struct.hpp
[0.714s] -- Up-to-date: /home/rafaelva/termo_monitor/install/interfaces_sistema/include/interfaces_sistema/interfaces_sistema/msg
[0.714s] -- Up-to-date: /home/rafaelva/termo_monitor/install/interfaces_sistema/include/interfaces_sistema/interfaces_sistema/msg/rosidl_generator_cpp__visibility_control.hpp
[0.715s] -- Up-to-date: /home/rafaelva/termo_monitor/install/interfaces_sistema/include/interfaces_sistema/interfaces_sistema
[0.715s] -- Up-to-date: /home/rafaelva/termo_monitor/install/interfaces_sistema/include/interfaces_sistema/interfaces_sistema/srv
[0.715s] -- Up-to-date: /home/rafaelva/termo_monitor/install/interfaces_sistema/include/interfaces_sistema/interfaces_sistema/srv/detail
[0.715s] -- Up-to-date: /home/rafaelva/termo_monitor/install/interfaces_sistema/include/interfaces_sistema/interfaces_sistema/srv/detail/reset_temperatura__rosidl_typesupport_fastrtps_cpp.hpp
[0.716s] -- Up-to-date: /home/rafaelva/termo_monitor/install/interfaces_sistema/include/interfaces_sistema/interfaces_sistema/srv/detail/dds_fastrtps
[0.716s] -- Up-to-date: /home/rafaelva/termo_monitor/install/interfaces_sistema/include/interfaces_sistema/interfaces_sistema/msg
[0.716s] -- Up-to-date: /home/rafaelva/termo_monitor/install/interfaces_sistema/include/interfaces_sistema/interfaces_sistema/msg/rosidl_typesupport_fastrtps_cpp__visibility_control.h
[0.717s] -- Up-to-date: /home/rafaelva/termo_monitor/install/interfaces_sistema/lib/libinterfaces_sistema__rosidl_typesupport_fastrtps_cpp.so
[0.717s] -- Up-to-date: /home/rafaelva/termo_monitor/install/interfaces_sistema/include/interfaces_sistema/interfaces_sistema
[0.718s] -- Up-to-date: /home/rafaelva/termo_monitor/install/interfaces_sistema/include/interfaces_sistema/interfaces_sistema/srv
[0.718s] -- Up-to-date: /home/rafaelva/termo_monitor/install/interfaces_sistema/include/interfaces_sistema/interfaces_sistema/srv/detail
[0.718s] -- Up-to-date: /home/rafaelva/termo_monitor/install/interfaces_sistema/include/interfaces_sistema/interfaces_sistema/srv/detail/reset_temperatura__type_support.cpp
[0.719s] -- Up-to-date: /home/rafaelva/termo_monitor/install/interfaces_sistema/include/interfaces_sistema/interfaces_sistema/srv/detail/reset_temperatura__rosidl_typesupport_introspection_cpp.hpp
[0.720s] -- Up-to-date: /home/rafaelva/termo_monitor/install/interfaces_sistema/lib/libinterfaces_sistema__rosidl_typesupport_introspection_cpp.so
[0.721s] -- Up-to-date: /home/rafaelva/termo_monitor/install/interfaces_sistema/lib/libinterfaces_sistema__rosidl_typesupport_cpp.so
[0.721s] -- Up-to-date: /home/rafaelva/termo_monitor/install/interfaces_sistema/share/interfaces_sistema/environment/pythonpath.sh
[0.721s] -- Up-to-date: /home/rafaelva/termo_monitor/install/interfaces_sistema/share/interfaces_sistema/environment/pythonpath.dsv
[0.722s] -- Up-to-date: /home/rafaelva/termo_monitor/install/interfaces_sistema/lib/python3.14/site-packages/interfaces_sistema/interfaces_sistema_s__rosidl_typesupport_fastrtps_c.so
[0.723s] -- Up-to-date: /home/rafaelva/termo_monitor/install/interfaces_sistema/lib/python3.14/site-packages/interfaces_sistema/interfaces_sistema_s__rosidl_typesupport_introspection_c.so
[0.723s] -- Up-to-date: /home/rafaelva/termo_monitor/install/interfaces_sistema/lib/python3.14/site-packages/interfaces_sistema/interfaces_sistema_s__rosidl_typesupport_c.so
[0.724s] -- Up-to-date: /home/rafaelva/termo_monitor/install/interfaces_sistema/lib/libinterfaces_sistema__rosidl_generator_py.so
[0.725s] -- Up-to-date: /home/rafaelva/termo_monitor/install/interfaces_sistema/share/interfaces_sistema/rust
[0.726s] -- Up-to-date: /home/rafaelva/termo_monitor/install/interfaces_sistema/share/interfaces_sistema/rust/src
[0.726s] -- Up-to-date: /home/rafaelva/termo_monitor/install/interfaces_sistema/share/interfaces_sistema/rust/src/lib.rs
[0.726s] -- Up-to-date: /home/rafaelva/termo_monitor/install/interfaces_sistema/share/interfaces_sistema/rust/src/srv.rs
[0.727s] -- Up-to-date: /home/rafaelva/termo_monitor/install/interfaces_sistema/share/interfaces_sistema/rust/src/srv
[0.727s] -- Up-to-date: /home/rafaelva/termo_monitor/install/interfaces_sistema/share/interfaces_sistema/rust/src/srv/rmw.rs
[0.727s] -- Up-to-date: /home/rafaelva/termo_monitor/install/interfaces_sistema/share/interfaces_sistema/rust/build.rs
[0.727s] -- Up-to-date: /home/rafaelva/termo_monitor/install/interfaces_sistema/share/interfaces_sistema/rust/Cargo.toml
[0.727s] -- Up-to-date: /home/rafaelva/termo_monitor/install/interfaces_sistema/share/interfaces_sistema/srv/ResetTemperatura.idl
[0.727s] -- Up-to-date: /home/rafaelva/termo_monitor/install/interfaces_sistema/share/interfaces_sistema/srv/ResetTemperatura.srv
[0.728s] -- Up-to-date: /home/rafaelva/termo_monitor/install/interfaces_sistema/share/ament_index/resource_index/package_run_dependencies/interfaces_sistema
[0.728s] -- Up-to-date: /home/rafaelva/termo_monitor/install/interfaces_sistema/share/ament_index/resource_index/parent_prefix_path/interfaces_sistema
[0.728s] -- Up-to-date: /home/rafaelva/termo_monitor/install/interfaces_sistema/share/interfaces_sistema/environment/ament_prefix_path.sh
[0.728s] -- Up-to-date: /home/rafaelva/termo_monitor/install/interfaces_sistema/share/interfaces_sistema/environment/ament_prefix_path.dsv
[0.728s] -- Up-to-date: /home/rafaelva/termo_monitor/install/interfaces_sistema/share/interfaces_sistema/environment/path.sh
[0.728s] -- Up-to-date: /home/rafaelva/termo_monitor/install/interfaces_sistema/share/interfaces_sistema/environment/path.dsv
[0.728s] -- Up-to-date: /home/rafaelva/termo_monitor/install/interfaces_sistema/share/interfaces_sistema/local_setup.bash
[0.728s] -- Up-to-date: /home/rafaelva/termo_monitor/install/interfaces_sistema/share/interfaces_sistema/local_setup.fish
[0.728s] -- Up-to-date: /home/rafaelva/termo_monitor/install/interfaces_sistema/share/interfaces_sistema/local_setup.sh
[0.728s] -- Up-to-date: /home/rafaelva/termo_monitor/install/interfaces_sistema/share/interfaces_sistema/local_setup.zsh
[0.728s] -- Up-to-date: /home/rafaelva/termo_monitor/install/interfaces_sistema/share/interfaces_sistema/local_setup.dsv
[0.728s] -- Installing: /home/rafaelva/termo_monitor/install/interfaces_sistema/share/interfaces_sistema/package.dsv
[0.729s] -- Up-to-date: /home/rafaelva/termo_monitor/install/interfaces_sistema/share/ament_index/resource_index/packages/interfaces_sistema
[0.730s] -- Up-to-date: /home/rafaelva/termo_monitor/install/interfaces_sistema/share/interfaces_sistema/cmake/export_interfaces_sistema__rosidl_generator_cExport.cmake
[0.730s] -- Up-to-date: /home/rafaelva/termo_monitor/install/interfaces_sistema/share/interfaces_sistema/cmake/export_interfaces_sistema__rosidl_generator_cExport-noconfig.cmake
[0.731s] -- Up-to-date: /home/rafaelva/termo_monitor/install/interfaces_sistema/share/interfaces_sistema/cmake/export_interfaces_sistema__rosidl_typesupport_fastrtps_cExport.cmake
[0.731s] -- Up-to-date: /home/rafaelva/termo_monitor/install/interfaces_sistema/share/interfaces_sistema/cmake/export_interfaces_sistema__rosidl_typesupport_fastrtps_cExport-noconfig.cmake
[0.731s] -- Up-to-date: /home/rafaelva/termo_monitor/install/interfaces_sistema/share/interfaces_sistema/cmake/interfaces_sistema__rosidl_typesupport_introspection_cExport.cmake
[0.731s] -- Up-to-date: /home/rafaelva/termo_monitor/install/interfaces_sistema/share/interfaces_sistema/cmake/interfaces_sistema__rosidl_typesupport_introspection_cExport-noconfig.cmake
[0.732s] -- Up-to-date: /home/rafaelva/termo_monitor/install/interfaces_sistema/share/interfaces_sistema/cmake/interfaces_sistema__rosidl_typesupport_cExport.cmake
[0.732s] -- Up-to-date: /home/rafaelva/termo_monitor/install/interfaces_sistema/share/interfaces_sistema/cmake/interfaces_sistema__rosidl_typesupport_cExport-noconfig.cmake
[0.733s] -- Up-to-date: /home/rafaelva/termo_monitor/install/interfaces_sistema/share/interfaces_sistema/cmake/export_interfaces_sistema__rosidl_generator_cppExport.cmake
[0.733s] -- Up-to-date: /home/rafaelva/termo_monitor/install/interfaces_sistema/share/interfaces_sistema/cmake/export_interfaces_sistema__rosidl_typesupport_fastrtps_cppExport.cmake
[0.733s] -- Up-to-date: /home/rafaelva/termo_monitor/install/interfaces_sistema/share/interfaces_sistema/cmake/export_interfaces_sistema__rosidl_typesupport_fastrtps_cppExport-noconfig.cmake
[0.734s] -- Up-to-date: /home/rafaelva/termo_monitor/install/interfaces_sistema/share/interfaces_sistema/cmake/interfaces_sistema__rosidl_typesupport_introspection_cppExport.cmake
[0.734s] -- Up-to-date: /home/rafaelva/termo_monitor/install/interfaces_sistema/share/interfaces_sistema/cmake/interfaces_sistema__rosidl_typesupport_introspection_cppExport-noconfig.cmake
[0.735s] -- Up-to-date: /home/rafaelva/termo_monitor/install/interfaces_sistema/share/interfaces_sistema/cmake/interfaces_sistema__rosidl_typesupport_cppExport.cmake
[0.735s] -- Up-to-date: /home/rafaelva/termo_monitor/install/interfaces_sistema/share/interfaces_sistema/cmake/interfaces_sistema__rosidl_typesupport_cppExport-noconfig.cmake
[0.736s] -- Up-to-date: /home/rafaelva/termo_monitor/install/interfaces_sistema/share/interfaces_sistema/cmake/export_interfaces_sistema__rosidl_generator_pyExport.cmake
[0.736s] -- Up-to-date: /home/rafaelva/termo_monitor/install/interfaces_sistema/share/interfaces_sistema/cmake/export_interfaces_sistema__rosidl_generator_pyExport-noconfig.cmake
[0.736s] -- Up-to-date: /home/rafaelva/termo_monitor/install/interfaces_sistema/lib/python3.14/site-packages/interfaces_sistema-0.0.0-py3.14.egg-info
[0.736s] -- Installing: /home/rafaelva/termo_monitor/install/interfaces_sistema/lib/python3.14/site-packages/interfaces_sistema-0.0.0-py3.14.egg-info/SOURCES.txt
[0.736s] -- Installing: /home/rafaelva/termo_monitor/install/interfaces_sistema/lib/python3.14/site-packages/interfaces_sistema-0.0.0-py3.14.egg-info/top_level.txt
[0.736s] -- Installing: /home/rafaelva/termo_monitor/install/interfaces_sistema/lib/python3.14/site-packages/interfaces_sistema-0.0.0-py3.14.egg-info/PKG-INFO
[0.737s] -- Installing: /home/rafaelva/termo_monitor/install/interfaces_sistema/lib/python3.14/site-packages/interfaces_sistema-0.0.0-py3.14.egg-info/dependency_links.txt
[0.737s] -- Up-to-date: /home/rafaelva/termo_monitor/install/interfaces_sistema/lib/python3.14/site-packages/interfaces_sistema
[0.737s] -- Up-to-date: /home/rafaelva/termo_monitor/install/interfaces_sistema/lib/python3.14/site-packages/interfaces_sistema/py.typed
[0.737s] -- Up-to-date: /home/rafaelva/termo_monitor/install/interfaces_sistema/lib/python3.14/site-packages/interfaces_sistema/interfaces_sistema_s__rosidl_typesupport_introspection_c.so
[0.737s] -- Up-to-date: /home/rafaelva/termo_monitor/install/interfaces_sistema/lib/python3.14/site-packages/interfaces_sistema/_interfaces_sistema_s.ep.rosidl_typesupport_c.c
[0.738s] -- Up-to-date: /home/rafaelva/termo_monitor/install/interfaces_sistema/lib/python3.14/site-packages/interfaces_sistema/srv
[0.738s] -- Up-to-date: /home/rafaelva/termo_monitor/install/interfaces_sistema/lib/python3.14/site-packages/interfaces_sistema/srv/_reset_temperatura.py
[0.738s] -- Up-to-date: /home/rafaelva/termo_monitor/install/interfaces_sistema/lib/python3.14/site-packages/interfaces_sistema/srv/_reset_temperatura_s.c
[0.738s] -- Up-to-date: /home/rafaelva/termo_monitor/install/interfaces_sistema/lib/python3.14/site-packages/interfaces_sistema/srv/__init__.py
[0.738s] -- Up-to-date: /home/rafaelva/termo_monitor/install/interfaces_sistema/lib/python3.14/site-packages/interfaces_sistema/_interfaces_sistema_s.ep.rosidl_typesupport_fastrtps_c.c
[0.738s] -- Up-to-date: /home/rafaelva/termo_monitor/install/interfaces_sistema/lib/python3.14/site-packages/interfaces_sistema/interfaces_sistema_s__rosidl_typesupport_c.so
[0.738s] -- Up-to-date: /home/rafaelva/termo_monitor/install/interfaces_sistema/lib/python3.14/site-packages/interfaces_sistema/interfaces_sistema_s__rosidl_typesupport_fastrtps_c.so
[0.738s] -- Up-to-date: /home/rafaelva/termo_monitor/install/interfaces_sistema/lib/python3.14/site-packages/interfaces_sistema/_interfaces_sistema_s.ep.rosidl_typesupport_introspection_c.c
[0.738s] -- Up-to-date: /home/rafaelva/termo_monitor/install/interfaces_sistema/lib/python3.14/site-packages/interfaces_sistema/__init__.py
[0.782s] Listing '/home/rafaelva/termo_monitor/install/interfaces_sistema/lib/python3.14/site-packages/interfaces_sistema'...
[0.782s] Listing '/home/rafaelva/termo_monitor/install/interfaces_sistema/lib/python3.14/site-packages/interfaces_sistema/srv'...
[0.791s] -- Up-to-date: /home/rafaelva/termo_monitor/install/interfaces_sistema/share/interfaces_sistema/cmake/rosidl_cmake-extras.cmake
[0.791s] -- Up-to-date: /home/rafaelva/termo_monitor/install/interfaces_sistema/share/interfaces_sistema/cmake/ament_cmake_export_dependencies-extras.cmake
[0.791s] -- Up-to-date: /home/rafaelva/termo_monitor/install/interfaces_sistema/share/interfaces_sistema/cmake/ament_cmake_export_include_directories-extras.cmake
[0.792s] -- Up-to-date: /home/rafaelva/termo_monitor/install/interfaces_sistema/share/interfaces_sistema/cmake/ament_cmake_export_libraries-extras.cmake
[0.792s] -- Up-to-date: /home/rafaelva/termo_monitor/install/interfaces_sistema/share/interfaces_sistema/cmake/ament_cmake_export_targets-extras.cmake
[0.792s] -- Up-to-date: /home/rafaelva/termo_monitor/install/interfaces_sistema/share/interfaces_sistema/cmake/rosidl_cmake_export_typesupport_targets-extras.cmake
[0.792s] -- Up-to-date: /home/rafaelva/termo_monitor/install/interfaces_sistema/share/interfaces_sistema/cmake/rosidl_cmake_export_typesupport_libraries-extras.cmake
[0.792s] -- Up-to-date: /home/rafaelva/termo_monitor/install/interfaces_sistema/share/interfaces_sistema/cmake/rosidl_cmake_aggregate_target-extras.cmake
[0.792s] -- Up-to-date: /home/rafaelva/termo_monitor/install/interfaces_sistema/share/interfaces_sistema/cmake/interfaces_sistemaConfig.cmake
[0.792s] -- Up-to-date: /home/rafaelva/termo_monitor/install/interfaces_sistema/share/interfaces_sistema/cmake/interfaces_sistemaConfig-version.cmake
[0.792s] -- Up-to-date: /home/rafaelva/termo_monitor/install/interfaces_sistema/share/interfaces_sistema/package.xml
[0.796s] Invoked command in '/home/rafaelva/termo_monitor/build/interfaces_sistema' returned '0': CMAKE_PREFIX_PATH=${CMAKE_PREFIX_PATH}:/home/rafaelva/termo_monitor/install/sistema:/opt/ros/lyrical /usr/bin/cmake --install /home/rafaelva/termo_monitor/build/interfaces_sistema
