[-1791575446545131008.000s] DEBUG:colcon:Command line arguments: ['/usr/bin/colcon', 'build']
[-1791575446545131008.000s] DEBUG:colcon:Parsed command line arguments: Namespace(log_base=None, log_level=None, verb_name='build', build_base='build', install_base='install', merge_install=False, symlink_install=False, test_result_base=None, continue_on_error=False, executor='parallel', parallel_workers=16, event_handlers=None, ignore_user_meta=False, metas=['./colcon.meta'], base_paths=['.'], packages_ignore=None, packages_ignore_regex=None, paths=None, packages_up_to=None, packages_up_to_regex=None, packages_above=None, packages_above_and_dependencies=None, packages_above_depth=None, packages_select_by_dep=None, packages_skip_by_dep=None, packages_skip_up_to=None, packages_select_build_failed=False, packages_skip_build_finished=False, packages_select_test_failures=False, packages_skip_test_passed=False, packages_select=None, packages_skip=None, packages_select_regex=None, packages_skip_regex=None, packages_start=None, packages_end=None, cmake_args=None, cmake_target=None, cmake_target_skip_unavailable=False, cmake_clean_cache=False, cmake_clean_first=False, cmake_force_configure=False, ament_cmake_args=None, catkin_cmake_args=None, catkin_skip_building_tests=False, verb_parser=<colcon_defaults.argument_parser.defaults.DefaultArgumentsDecorator object at 0x7116fa62da90>, verb_extension=<colcon_core.verb.build.BuildVerb object at 0x7116fa65d2b0>, main=<bound method BuildVerb.main of <colcon_core.verb.build.BuildVerb object at 0x7116fa65d2b0>>)
[-1791575446545131008.000s] Level 1:colcon.colcon_core.package_discovery:discover_packages(colcon_meta) check parameters
[-1791575446545131008.000s] Level 1:colcon.colcon_core.package_discovery:discover_packages(recursive) check parameters
[-1791575446545131008.000s] Level 1:colcon.colcon_core.package_discovery:discover_packages(ignore) check parameters
[-1791575446545131008.000s] Level 1:colcon.colcon_core.package_discovery:discover_packages(path) check parameters
[-1791575446545131008.000s] Level 1:colcon.colcon_core.package_discovery:discover_packages(colcon_meta) discover
[-1791575446545131008.000s] Level 1:colcon.colcon_core.package_discovery:discover_packages(recursive) discover
[-1791575446545131008.000s] INFO:colcon.colcon_core.package_discovery:Crawling recursively for packages in '/home/rafaelva/termo_monitor'
[-1791575446545131008.000s] Level 1:colcon.colcon_core.package_identification:_identify(.) by extensions ['ignore', 'ignore_ament_install']
[-1791575446545131008.000s] Level 1:colcon.colcon_core.package_identification:_identify(.) by extension 'ignore'
[-1791575446545131008.000s] Level 1:colcon.colcon_core.package_identification:_identify(.) by extension 'ignore_ament_install'
[-1791575446545131008.000s] Level 1:colcon.colcon_core.package_identification:_identify(.) by extensions ['colcon_pkg']
[-1791575446545131008.000s] Level 1:colcon.colcon_core.package_identification:_identify(.) by extension 'colcon_pkg'
[-1791575446545131008.000s] Level 1:colcon.colcon_core.package_identification:_identify(.) by extensions ['colcon_meta']
[-1791575446545131008.000s] Level 1:colcon.colcon_core.package_identification:_identify(.) by extension 'colcon_meta'
[-1791575446545131008.000s] Level 1:colcon.colcon_core.package_identification:_identify(.) by extensions ['ros']
[-1791575446545131008.000s] Level 1:colcon.colcon_core.package_identification:_identify(.) by extension 'ros'
[-1791575446545131008.000s] Level 1:colcon.colcon_core.package_identification:_identify(.) by extensions ['cmake', 'python']
[-1791575446545131008.000s] Level 1:colcon.colcon_core.package_identification:_identify(.) by extension 'cmake'
[-1791575446545131008.000s] Level 1:colcon.colcon_core.package_identification:_identify(.) by extension 'python'
[-1791575446545131008.000s] Level 1:colcon.colcon_core.package_identification:_identify(.) by extensions ['python_setup_py']
[-1791575446545131008.000s] Level 1:colcon.colcon_core.package_identification:_identify(.) by extension 'python_setup_py'
[-1791575446545131008.000s] Level 1:colcon.colcon_core.package_identification:_identify(build) by extensions ['ignore', 'ignore_ament_install']
[-1791575446545131008.000s] Level 1:colcon.colcon_core.package_identification:_identify(build) by extension 'ignore'
[-1791575446545131008.000s] Level 1:colcon.colcon_core.package_identification:_identify(build) ignored
[-1791575446545131008.000s] Level 1:colcon.colcon_core.package_identification:_identify(install) by extensions ['ignore', 'ignore_ament_install']
[-1791575446545131008.000s] Level 1:colcon.colcon_core.package_identification:_identify(install) by extension 'ignore'
[-1791575446545131008.000s] Level 1:colcon.colcon_core.package_identification:_identify(install) ignored
[-1791575446545131008.000s] Level 1:colcon.colcon_core.package_identification:_identify(log) by extensions ['ignore', 'ignore_ament_install']
[-1791575446545131008.000s] Level 1:colcon.colcon_core.package_identification:_identify(log) by extension 'ignore'
[-1791575446545131008.000s] Level 1:colcon.colcon_core.package_identification:_identify(log) ignored
[-1791575446545131008.000s] Level 1:colcon.colcon_core.package_identification:_identify(src) by extensions ['ignore', 'ignore_ament_install']
[-1791575446545131008.000s] Level 1:colcon.colcon_core.package_identification:_identify(src) by extension 'ignore'
[-1791575446545131008.000s] Level 1:colcon.colcon_core.package_identification:_identify(src) by extension 'ignore_ament_install'
[-1791575446545131008.000s] Level 1:colcon.colcon_core.package_identification:_identify(src) by extensions ['colcon_pkg']
[-1791575446545131008.000s] Level 1:colcon.colcon_core.package_identification:_identify(src) by extension 'colcon_pkg'
[-1791575446545131008.000s] Level 1:colcon.colcon_core.package_identification:_identify(src) by extensions ['colcon_meta']
[-1791575446545131008.000s] Level 1:colcon.colcon_core.package_identification:_identify(src) by extension 'colcon_meta'
[-1791575446545131008.000s] Level 1:colcon.colcon_core.package_identification:_identify(src) by extensions ['ros']
[-1791575446545131008.000s] Level 1:colcon.colcon_core.package_identification:_identify(src) by extension 'ros'
[-1791575446545131008.000s] Level 1:colcon.colcon_core.package_identification:_identify(src) by extensions ['cmake', 'python']
[-1791575446545131008.000s] Level 1:colcon.colcon_core.package_identification:_identify(src) by extension 'cmake'
[-1791575446545131008.000s] Level 1:colcon.colcon_core.package_identification:_identify(src) by extension 'python'
[-1791575446545131008.000s] Level 1:colcon.colcon_core.package_identification:_identify(src) by extensions ['python_setup_py']
[-1791575446545131008.000s] Level 1:colcon.colcon_core.package_identification:_identify(src) by extension 'python_setup_py'
[-1791575446545131008.000s] Level 1:colcon.colcon_core.package_identification:_identify(src/interfaces_sistema) by extensions ['ignore', 'ignore_ament_install']
[-1791575446545131008.000s] Level 1:colcon.colcon_core.package_identification:_identify(src/interfaces_sistema) by extension 'ignore'
[-1791575446545131008.000s] Level 1:colcon.colcon_core.package_identification:_identify(src/interfaces_sistema) by extension 'ignore_ament_install'
[-1791575446545131008.000s] Level 1:colcon.colcon_core.package_identification:_identify(src/interfaces_sistema) by extensions ['colcon_pkg']
[-1791575446545131008.000s] Level 1:colcon.colcon_core.package_identification:_identify(src/interfaces_sistema) by extension 'colcon_pkg'
[-1791575446545131008.000s] Level 1:colcon.colcon_core.package_identification:_identify(src/interfaces_sistema) by extensions ['colcon_meta']
[-1791575446545131008.000s] Level 1:colcon.colcon_core.package_identification:_identify(src/interfaces_sistema) by extension 'colcon_meta'
[-1791575446545131008.000s] Level 1:colcon.colcon_core.package_identification:_identify(src/interfaces_sistema) by extensions ['ros']
[-1791575446545131008.000s] Level 1:colcon.colcon_core.package_identification:_identify(src/interfaces_sistema) by extension 'ros'
[-1791575446545131008.000s] DEBUG:colcon.colcon_core.package_identification:Package 'src/interfaces_sistema' with type 'ros.ament_cmake' and name 'interfaces_sistema'
[-1791575446545131008.000s] Level 1:colcon.colcon_core.package_identification:_identify(src/sistema) by extensions ['ignore', 'ignore_ament_install']
[-1791575446545131008.000s] Level 1:colcon.colcon_core.package_identification:_identify(src/sistema) by extension 'ignore'
[-1791575446545131008.000s] Level 1:colcon.colcon_core.package_identification:_identify(src/sistema) by extension 'ignore_ament_install'
[-1791575446545131008.000s] Level 1:colcon.colcon_core.package_identification:_identify(src/sistema) by extensions ['colcon_pkg']
[-1791575446545131008.000s] Level 1:colcon.colcon_core.package_identification:_identify(src/sistema) by extension 'colcon_pkg'
[-1791575446545131008.000s] Level 1:colcon.colcon_core.package_identification:_identify(src/sistema) by extensions ['colcon_meta']
[-1791575446545131008.000s] Level 1:colcon.colcon_core.package_identification:_identify(src/sistema) by extension 'colcon_meta'
[-1791575446545131008.000s] Level 1:colcon.colcon_core.package_identification:_identify(src/sistema) by extensions ['ros']
[-1791575446545131008.000s] Level 1:colcon.colcon_core.package_identification:_identify(src/sistema) by extension 'ros'
[-1791575446545131008.000s] DEBUG:colcon.colcon_core.package_identification:Package 'src/sistema' with type 'ros.ament_python' and name 'sistema'
[-1791575446545131008.000s] Level 1:colcon.colcon_core.package_discovery:discover_packages(recursive) using defaults
[-1791575446545131008.000s] Level 1:colcon.colcon_core.package_discovery:discover_packages(ignore) discover
[-1791575446545131008.000s] Level 1:colcon.colcon_core.package_discovery:discover_packages(ignore) using defaults
[-1791575446545131008.000s] Level 1:colcon.colcon_core.package_discovery:discover_packages(path) discover
[-1791575446545131008.000s] Level 1:colcon.colcon_core.package_discovery:discover_packages(path) using defaults
[-1791575446545131008.000s] Level 5:colcon.colcon_core.verb:set package 'interfaces_sistema' build argument 'cmake_args' from command line to 'None'
[-1791575446545131008.000s] Level 5:colcon.colcon_core.verb:set package 'interfaces_sistema' build argument 'cmake_target' from command line to 'None'
[-1791575446545131008.000s] Level 5:colcon.colcon_core.verb:set package 'interfaces_sistema' build argument 'cmake_target_skip_unavailable' from command line to 'False'
[-1791575446545131008.000s] Level 5:colcon.colcon_core.verb:set package 'interfaces_sistema' build argument 'cmake_clean_cache' from command line to 'False'
[-1791575446545131008.000s] Level 5:colcon.colcon_core.verb:set package 'interfaces_sistema' build argument 'cmake_clean_first' from command line to 'False'
[-1791575446545131008.000s] Level 5:colcon.colcon_core.verb:set package 'interfaces_sistema' build argument 'cmake_force_configure' from command line to 'False'
[-1791575446545131008.000s] Level 5:colcon.colcon_core.verb:set package 'interfaces_sistema' build argument 'ament_cmake_args' from command line to 'None'
[-1791575446545131008.000s] Level 5:colcon.colcon_core.verb:set package 'interfaces_sistema' build argument 'catkin_cmake_args' from command line to 'None'
[-1791575446545131008.000s] Level 5:colcon.colcon_core.verb:set package 'interfaces_sistema' build argument 'catkin_skip_building_tests' from command line to 'False'
[-1791575446545131008.000s] DEBUG:colcon.colcon_core.verb:Building package 'interfaces_sistema' with the following arguments: {'ament_cmake_args': None, 'build_base': '/home/rafaelva/termo_monitor/build/interfaces_sistema', 'catkin_cmake_args': None, 'catkin_skip_building_tests': False, 'cmake_args': None, 'cmake_clean_cache': False, 'cmake_clean_first': False, 'cmake_force_configure': False, 'cmake_target': None, 'cmake_target_skip_unavailable': False, 'install_base': '/home/rafaelva/termo_monitor/install/interfaces_sistema', 'merge_install': False, 'path': '/home/rafaelva/termo_monitor/src/interfaces_sistema', 'symlink_install': False, 'test_result_base': None}
[-1791575446545131008.000s] Level 5:colcon.colcon_core.verb:set package 'sistema' build argument 'cmake_args' from command line to 'None'
[-1791575446545131008.000s] Level 5:colcon.colcon_core.verb:set package 'sistema' build argument 'cmake_target' from command line to 'None'
[-1791575446545131008.000s] Level 5:colcon.colcon_core.verb:set package 'sistema' build argument 'cmake_target_skip_unavailable' from command line to 'False'
[-1791575446545131008.000s] Level 5:colcon.colcon_core.verb:set package 'sistema' build argument 'cmake_clean_cache' from command line to 'False'
[-1791575446545131008.000s] Level 5:colcon.colcon_core.verb:set package 'sistema' build argument 'cmake_clean_first' from command line to 'False'
[-1791575446545131008.000s] Level 5:colcon.colcon_core.verb:set package 'sistema' build argument 'cmake_force_configure' from command line to 'False'
[-1791575446545131008.000s] Level 5:colcon.colcon_core.verb:set package 'sistema' build argument 'ament_cmake_args' from command line to 'None'
[-1791575446545131008.000s] Level 5:colcon.colcon_core.verb:set package 'sistema' build argument 'catkin_cmake_args' from command line to 'None'
[-1791575446545131008.000s] Level 5:colcon.colcon_core.verb:set package 'sistema' build argument 'catkin_skip_building_tests' from command line to 'False'
[-1791575446545131008.000s] DEBUG:colcon.colcon_core.verb:Building package 'sistema' with the following arguments: {'ament_cmake_args': None, 'build_base': '/home/rafaelva/termo_monitor/build/sistema', 'catkin_cmake_args': None, 'catkin_skip_building_tests': False, 'cmake_args': None, 'cmake_clean_cache': False, 'cmake_clean_first': False, 'cmake_force_configure': False, 'cmake_target': None, 'cmake_target_skip_unavailable': False, 'install_base': '/home/rafaelva/termo_monitor/install/sistema', 'merge_install': False, 'path': '/home/rafaelva/termo_monitor/src/sistema', 'symlink_install': False, 'test_result_base': None}
[-1791575446545131008.000s] INFO:colcon.colcon_core.executor:Executing jobs using 'parallel' executor
[-1791575446545131008.000s] DEBUG:colcon.colcon_parallel_executor.executor.parallel:run_until_complete
[-1791575446545131008.000s] INFO:colcon.colcon_ros.task.ament_cmake.build:Building ROS package in '/home/rafaelva/termo_monitor/src/interfaces_sistema' with build type 'ament_cmake'
[-1791575446545131008.000s] INFO:colcon.colcon_cmake.task.cmake.build:Building CMake package in '/home/rafaelva/termo_monitor/src/interfaces_sistema'
[-1791575446545131008.000s] INFO:colcon.colcon_core.plugin_system:Skipping extension 'colcon_core.shell.bat': Not used on non-Windows systems
[-1791575446545131008.000s] DEBUG:colcon.colcon_core.shell:Skip shell extension 'dsv' for command environment
[-1791575446545131008.000s] INFO:colcon.colcon_ros.task.ament_python.build:Building ROS package in '/home/rafaelva/termo_monitor/src/sistema' with build type 'ament_python'
[-1791575446545131008.000s] Level 1:colcon.colcon_core.shell:create_environment_hook('sistema', 'ament_prefix_path')
[-1791575446545131008.000s] INFO:colcon.colcon_core.shell:Creating environment descriptor '/home/rafaelva/termo_monitor/install/sistema/share/sistema/hook/ament_prefix_path.dsv'
[-1791575446545131008.000s] INFO:colcon.colcon_core.shell:Creating environment hook '/home/rafaelva/termo_monitor/install/sistema/share/sistema/hook/ament_prefix_path.sh'
[-1791575446545131008.000s] DEBUG:colcon.colcon_core.shell:Skip shell extension 'dsv' for command environment
[-1791575446545131008.000s] DEBUG:colcon.colcon_core.event_handler.log_command:Invoking command in '/home/rafaelva/termo_monitor/build/interfaces_sistema': CMAKE_PREFIX_PATH=${CMAKE_PREFIX_PATH}:/home/rafaelva/termo_monitor/install/sistema:/opt/ros/lyrical /usr/bin/cmake --build /home/rafaelva/termo_monitor/build/interfaces_sistema -- -j16 -l16
[-1791575446545131008.000s] INFO:colcon.colcon_core.task.python.build:Building Python package in '/home/rafaelva/termo_monitor/src/sistema'
[-1791575446545131008.000s] DEBUG:colcon.colcon_core.shell:Skip shell extension 'dsv' for command environment
[-1791575446545131008.000s] DEBUG:colcon.colcon_core.event_handler.log_command:Invoked command in '/home/rafaelva/termo_monitor/build/interfaces_sistema' returned '0': CMAKE_PREFIX_PATH=${CMAKE_PREFIX_PATH}:/home/rafaelva/termo_monitor/install/sistema:/opt/ros/lyrical /usr/bin/cmake --build /home/rafaelva/termo_monitor/build/interfaces_sistema -- -j16 -l16
[-1791575446545131008.000s] DEBUG:colcon.colcon_core.event_handler.log_command:Invoking command in '/home/rafaelva/termo_monitor/build/interfaces_sistema': CMAKE_PREFIX_PATH=${CMAKE_PREFIX_PATH}:/home/rafaelva/termo_monitor/install/sistema:/opt/ros/lyrical /usr/bin/cmake --install /home/rafaelva/termo_monitor/build/interfaces_sistema
[-1791575446545131008.000s] Level 1:colcon.colcon_core.environment:create_environment_scripts_only(interfaces_sistema)
[-1791575446545131008.000s] DEBUG:colcon.colcon_core.event_handler.log_command:Invoked command in '/home/rafaelva/termo_monitor/build/interfaces_sistema' returned '0': CMAKE_PREFIX_PATH=${CMAKE_PREFIX_PATH}:/home/rafaelva/termo_monitor/install/sistema:/opt/ros/lyrical /usr/bin/cmake --install /home/rafaelva/termo_monitor/build/interfaces_sistema
[-1791575446545131008.000s] Level 1:colcon.colcon_core.environment:checking '/home/rafaelva/termo_monitor/install/interfaces_sistema' for CMake module files
[-1791575446545131008.000s] Level 1:colcon.colcon_core.environment:checking '/home/rafaelva/termo_monitor/install/interfaces_sistema' for CMake config files
[-1791575446545131008.000s] Level 1:colcon.colcon_core.shell:create_environment_hook('interfaces_sistema', 'cmake_prefix_path')
[-1791575446545131008.000s] INFO:colcon.colcon_core.shell:Creating environment descriptor '/home/rafaelva/termo_monitor/install/interfaces_sistema/share/interfaces_sistema/hook/cmake_prefix_path.dsv'
[-1791575446545131008.000s] INFO:colcon.colcon_core.shell:Creating environment hook '/home/rafaelva/termo_monitor/install/interfaces_sistema/share/interfaces_sistema/hook/cmake_prefix_path.sh'
[-1791575446545131008.000s] Level 1:colcon.colcon_core.environment:checking '/home/rafaelva/termo_monitor/install/interfaces_sistema/lib'
[-1791575446545131008.000s] Level 1:colcon.colcon_core.shell:create_environment_hook('interfaces_sistema', 'ld_library_path_lib')
[-1791575446545131008.000s] INFO:colcon.colcon_core.shell:Creating environment descriptor '/home/rafaelva/termo_monitor/install/interfaces_sistema/share/interfaces_sistema/hook/ld_library_path_lib.dsv'
[-1791575446545131008.000s] INFO:colcon.colcon_core.shell:Creating environment hook '/home/rafaelva/termo_monitor/install/interfaces_sistema/share/interfaces_sistema/hook/ld_library_path_lib.sh'
[-1791575446545131008.000s] Level 1:colcon.colcon_core.environment:checking '/home/rafaelva/termo_monitor/install/interfaces_sistema/bin'
[-1791575446545131008.000s] Level 1:colcon.colcon_core.environment:checking '/home/rafaelva/termo_monitor/install/interfaces_sistema/lib/pkgconfig/interfaces_sistema.pc'
[-1791575446545131008.000s] Level 1:colcon.colcon_core.environment:checking '/home/rafaelva/termo_monitor/install/interfaces_sistema/lib/python3.14/site-packages'
[-1791575446545131008.000s] Level 1:colcon.colcon_core.shell:create_environment_hook('interfaces_sistema', 'pythonpath')
[-1791575446545131008.000s] INFO:colcon.colcon_core.shell:Creating environment descriptor '/home/rafaelva/termo_monitor/install/interfaces_sistema/share/interfaces_sistema/hook/pythonpath.dsv'
[-1791575446545131008.000s] INFO:colcon.colcon_core.shell:Creating environment hook '/home/rafaelva/termo_monitor/install/interfaces_sistema/share/interfaces_sistema/hook/pythonpath.sh'
[-1791575446545131008.000s] Level 1:colcon.colcon_core.environment:checking '/home/rafaelva/termo_monitor/install/interfaces_sistema/bin'
[-1791575446545131008.000s] INFO:colcon.colcon_core.shell:Creating package descriptor '/home/rafaelva/termo_monitor/install/interfaces_sistema/share/interfaces_sistema/package.dsv'
[-1791575446545131008.000s] INFO:colcon.colcon_core.shell:Creating package script '/home/rafaelva/termo_monitor/install/interfaces_sistema/share/interfaces_sistema/package.sh'
[-1791575446545131008.000s] INFO:colcon.colcon_core.shell:Creating package script '/home/rafaelva/termo_monitor/install/interfaces_sistema/share/interfaces_sistema/package.bash'
[-1791575446545131008.000s] INFO:colcon.colcon_core.shell:Creating package script '/home/rafaelva/termo_monitor/install/interfaces_sistema/share/interfaces_sistema/package.zsh'
[-1791575446545131008.000s] Level 1:colcon.colcon_core.environment:create_file_with_runtime_dependencies(/home/rafaelva/termo_monitor/install/interfaces_sistema/share/colcon-core/packages/interfaces_sistema)
[-1791575446545131008.000s] Level 1:colcon.colcon_core.environment:create_environment_scripts_only(interfaces_sistema)
[-1791575446545131008.000s] Level 1:colcon.colcon_core.environment:checking '/home/rafaelva/termo_monitor/install/interfaces_sistema' for CMake module files
[-1791575446545131008.000s] Level 1:colcon.colcon_core.environment:checking '/home/rafaelva/termo_monitor/install/interfaces_sistema' for CMake config files
[-1791575446545131008.000s] Level 1:colcon.colcon_core.shell:create_environment_hook('interfaces_sistema', 'cmake_prefix_path')
[-1791575446545131008.000s] INFO:colcon.colcon_core.shell:Creating environment descriptor '/home/rafaelva/termo_monitor/install/interfaces_sistema/share/interfaces_sistema/hook/cmake_prefix_path.dsv'
[-1791575446545131008.000s] INFO:colcon.colcon_core.shell:Creating environment hook '/home/rafaelva/termo_monitor/install/interfaces_sistema/share/interfaces_sistema/hook/cmake_prefix_path.sh'
[-1791575446545131008.000s] Level 1:colcon.colcon_core.environment:checking '/home/rafaelva/termo_monitor/install/interfaces_sistema/lib'
[-1791575446545131008.000s] Level 1:colcon.colcon_core.shell:create_environment_hook('interfaces_sistema', 'ld_library_path_lib')
[-1791575446545131008.000s] INFO:colcon.colcon_core.shell:Creating environment descriptor '/home/rafaelva/termo_monitor/install/interfaces_sistema/share/interfaces_sistema/hook/ld_library_path_lib.dsv'
[-1791575446545131008.000s] INFO:colcon.colcon_core.shell:Creating environment hook '/home/rafaelva/termo_monitor/install/interfaces_sistema/share/interfaces_sistema/hook/ld_library_path_lib.sh'
[-1791575446545131008.000s] Level 1:colcon.colcon_core.environment:checking '/home/rafaelva/termo_monitor/install/interfaces_sistema/bin'
[-1791575446545131008.000s] Level 1:colcon.colcon_core.environment:checking '/home/rafaelva/termo_monitor/install/interfaces_sistema/lib/pkgconfig/interfaces_sistema.pc'
[-1791575446545131008.000s] Level 1:colcon.colcon_core.environment:checking '/home/rafaelva/termo_monitor/install/interfaces_sistema/lib/python3.14/site-packages'
[-1791575446545131008.000s] Level 1:colcon.colcon_core.shell:create_environment_hook('interfaces_sistema', 'pythonpath')
[-1791575446545131008.000s] INFO:colcon.colcon_core.shell:Creating environment descriptor '/home/rafaelva/termo_monitor/install/interfaces_sistema/share/interfaces_sistema/hook/pythonpath.dsv'
[-1791575446545131008.000s] INFO:colcon.colcon_core.shell:Creating environment hook '/home/rafaelva/termo_monitor/install/interfaces_sistema/share/interfaces_sistema/hook/pythonpath.sh'
[-1791575446545131008.000s] Level 1:colcon.colcon_core.environment:checking '/home/rafaelva/termo_monitor/install/interfaces_sistema/bin'
[-1791575446545131008.000s] INFO:colcon.colcon_core.shell:Creating package descriptor '/home/rafaelva/termo_monitor/install/interfaces_sistema/share/interfaces_sistema/package.dsv'
[-1791575446545131008.000s] INFO:colcon.colcon_core.shell:Creating package script '/home/rafaelva/termo_monitor/install/interfaces_sistema/share/interfaces_sistema/package.sh'
[-1791575446545131008.000s] INFO:colcon.colcon_core.shell:Creating package script '/home/rafaelva/termo_monitor/install/interfaces_sistema/share/interfaces_sistema/package.bash'
[-1791575446545131008.000s] INFO:colcon.colcon_core.shell:Creating package script '/home/rafaelva/termo_monitor/install/interfaces_sistema/share/interfaces_sistema/package.zsh'
[-1791575446545131008.000s] Level 1:colcon.colcon_core.environment:create_file_with_runtime_dependencies(/home/rafaelva/termo_monitor/install/interfaces_sistema/share/colcon-core/packages/interfaces_sistema)
[-1791575446545131008.000s] DEBUG:colcon.colcon_core.task.python.build:Available setuptools commands: check, alias, install_data, saveopts, init_catalog, install_headers, install_lib, editable_wheel, develop, easy_install, rotate, install, symlink_data, setopt, egg_info, update_catalog, build_scripts, install_scripts, dist_info, extract_messages, bdist, bdist_rpm, build_ext, bdist_wheel, install_egg_info, clean, sdist, bdist_dumb, bdist_egg, compile_catalog, build_py, build, build_clib
[-1791575446545131008.000s] DEBUG:colcon.colcon_core.event_handler.log_command:Invoking command in '/home/rafaelva/termo_monitor/src/sistema': PYTHONPATH=/home/rafaelva/termo_monitor/build/sistema/prefix_override:/usr/lib/python3/dist-packages/colcon_core/task/python/colcon_distutils_commands:/home/rafaelva/termo_monitor/install/sistema/lib/python3.14/site-packages:${PYTHONPATH} /usr/bin/python3 -W ignore:setup.py install is deprecated -W ignore:easy_install command is deprecated setup.py egg_info --egg-base ../../build/sistema build --build-base /home/rafaelva/termo_monitor/build/sistema/build install --record /home/rafaelva/termo_monitor/build/sistema/install.log --install-scripts $base/lib/sistema --single-version-externally-managed install_data
[-1791575446545131008.000s] Level 1:colcon.colcon_core.environment:checking '/home/rafaelva/termo_monitor/install/sistema' for CMake module files
[-1791575446545131008.000s] DEBUG:colcon.colcon_core.event_handler.log_command:Invoked command in '/home/rafaelva/termo_monitor/src/sistema' returned '0': PYTHONPATH=/home/rafaelva/termo_monitor/build/sistema/prefix_override:/usr/lib/python3/dist-packages/colcon_core/task/python/colcon_distutils_commands:/home/rafaelva/termo_monitor/install/sistema/lib/python3.14/site-packages:${PYTHONPATH} /usr/bin/python3 -W ignore:setup.py install is deprecated -W ignore:easy_install command is deprecated setup.py egg_info --egg-base ../../build/sistema build --build-base /home/rafaelva/termo_monitor/build/sistema/build install --record /home/rafaelva/termo_monitor/build/sistema/install.log --install-scripts $base/lib/sistema --single-version-externally-managed install_data
[-1791575446545131008.000s] Level 1:colcon.colcon_core.environment:checking '/home/rafaelva/termo_monitor/install/sistema' for CMake config files
[-1791575446545131008.000s] Level 1:colcon.colcon_core.environment:checking '/home/rafaelva/termo_monitor/install/sistema/lib'
[-1791575446545131008.000s] Level 1:colcon.colcon_core.environment:checking '/home/rafaelva/termo_monitor/install/sistema/bin'
[-1791575446545131008.000s] Level 1:colcon.colcon_core.environment:checking '/home/rafaelva/termo_monitor/install/sistema/lib/pkgconfig/sistema.pc'
[-1791575446545131008.000s] Level 1:colcon.colcon_core.environment:checking '/home/rafaelva/termo_monitor/install/sistema/lib/python3.14/site-packages'
[-1791575446545131008.000s] Level 1:colcon.colcon_core.shell:create_environment_hook('sistema', 'pythonpath')
[-1791575446545131008.000s] INFO:colcon.colcon_core.shell:Creating environment descriptor '/home/rafaelva/termo_monitor/install/sistema/share/sistema/hook/pythonpath.dsv'
[-1791575446545131008.000s] INFO:colcon.colcon_core.shell:Creating environment hook '/home/rafaelva/termo_monitor/install/sistema/share/sistema/hook/pythonpath.sh'
[-1791575446545131008.000s] Level 1:colcon.colcon_core.environment:checking '/home/rafaelva/termo_monitor/install/sistema/bin'
[-1791575446545131008.000s] Level 1:colcon.colcon_core.environment:create_environment_scripts_only(sistema)
[-1791575446545131008.000s] INFO:colcon.colcon_core.shell:Creating package descriptor '/home/rafaelva/termo_monitor/install/sistema/share/sistema/package.dsv'
[-1791575446545131008.000s] INFO:colcon.colcon_core.shell:Creating package script '/home/rafaelva/termo_monitor/install/sistema/share/sistema/package.sh'
[-1791575446545131008.000s] INFO:colcon.colcon_core.shell:Creating package script '/home/rafaelva/termo_monitor/install/sistema/share/sistema/package.bash'
[-1791575446545131008.000s] INFO:colcon.colcon_core.shell:Creating package script '/home/rafaelva/termo_monitor/install/sistema/share/sistema/package.zsh'
[-1791575446545131008.000s] Level 1:colcon.colcon_core.environment:create_file_with_runtime_dependencies(/home/rafaelva/termo_monitor/install/sistema/share/colcon-core/packages/sistema)
[-1791575446545131008.000s] DEBUG:colcon.colcon_parallel_executor.executor.parallel:closing loop
[-1791575446545131008.000s] DEBUG:colcon.colcon_parallel_executor.executor.parallel:loop closed
[-1791575446545131008.000s] DEBUG:colcon.colcon_parallel_executor.executor.parallel:run_until_complete finished with '0'
[-1791575446545131008.000s] DEBUG:colcon.colcon_core.event_reactor:joining thread
[-1791575446545131008.000s] INFO:colcon.colcon_core.plugin_system:Skipping extension 'colcon_notification.desktop_notification.notify_send': Could not find 'notify-send'
[-1791575446545131008.000s] INFO:colcon.colcon_core.plugin_system:Skipping extension 'colcon_notification.desktop_notification.terminal_notifier': Not used on non-Darwin systems
[-1791575446545131008.000s] INFO:colcon.colcon_core.plugin_system:Skipping extension 'colcon_notification.desktop_notification.win32': Not used on non-Windows systems
[-1791575446545131008.000s] INFO:colcon.colcon_notification.desktop_notification:Sending desktop notification using 'notify2'
[-1791575446545131008.000s] DEBUG:colcon.colcon_notification.desktop_notification.notify2:Failed to initialize notify2: org.freedesktop.DBus.Error.ServiceUnknown: The name org.freedesktop.Notifications was not provided by any .service files
[-1791575446545131008.000s] DEBUG:colcon.colcon_core.event_reactor:joined thread
[-1791575446545131008.000s] INFO:colcon.colcon_core.shell:Creating prefix script '/home/rafaelva/termo_monitor/install/local_setup.sh'
[-1791575446545131008.000s] INFO:colcon.colcon_core.shell:Creating prefix util module '/home/rafaelva/termo_monitor/install/_local_setup_util_sh.py'
[-1791575446545131008.000s] INFO:colcon.colcon_core.shell:Creating prefix chain script '/home/rafaelva/termo_monitor/install/setup.sh'
[-1791575446545131008.000s] INFO:colcon.colcon_core.shell:Creating prefix script '/home/rafaelva/termo_monitor/install/local_setup.bash'
[-1791575446545131008.000s] INFO:colcon.colcon_core.shell:Creating prefix chain script '/home/rafaelva/termo_monitor/install/setup.bash'
[-1791575446545131008.000s] INFO:colcon.colcon_core.shell:Creating prefix script '/home/rafaelva/termo_monitor/install/local_setup.zsh'
[-1791575446545131008.000s] INFO:colcon.colcon_core.shell:Creating prefix chain script '/home/rafaelva/termo_monitor/install/setup.zsh'
