[  2%] Built target interfaces_sistema__rs
[  5%] Built target interfaces_sistema__rosidl_generator_type_description
[  8%] Built target interfaces_sistema__cpp
[ 22%] Built target interfaces_sistema__rosidl_generator_c
[ 40%] Built target interfaces_sistema__rosidl_typesupport_introspection_c
[ 40%] Built target interfaces_sistema__rosidl_typesupport_c
[ 54%] Built target interfaces_sistema__rosidl_typesupport_cpp
[ 57%] Built target interfaces_sistema__rosidl_typesupport_introspection_cpp
[ 65%] Built target interfaces_sistema__rosidl_typesupport_fastrtps_c
[ 74%] Built target interfaces_sistema__rosidl_typesupport_fastrtps_cpp
[ 74%] Built target interfaces_sistema
[ 77%] Built target interfaces_sistema__py
[ 82%] Built target interfaces_sistema__rosidl_generator_py
[ 82%] Built target ament_cmake_python_sync_interfaces_sistema
[ 97%] Built target interfaces_sistema_s__rosidl_typesupport_introspection_c
[100%] Built target interfaces_sistema_s__rosidl_typesupport_c
[100%] Built target interfaces_sistema_s__rosidl_typesupport_fastrtps_c
running egg_info
writing interfaces_sistema.egg-info/PKG-INFO
writing dependency_links to interfaces_sistema.egg-info/dependency_links.txt
writing top-level names to interfaces_sistema.egg-info/top_level.txt
reading manifest file 'interfaces_sistema.egg-info/SOURCES.txt'
writing manifest file 'interfaces_sistema.egg-info/SOURCES.txt'
[100%] Built target ament_cmake_python_build_interfaces_sistema_egg
-- Install configuration: ""
-- Up-to-date: /home/rafaelva/termo_monitor/install/interfaces_sistema/share/ament_index/resource_index/rosidl_interfaces/interfaces_sistema
-- Up-to-date: /home/rafaelva/termo_monitor/install/interfaces_sistema/share/interfaces_sistema/srv/ResetTemperatura.json
-- Up-to-date: /home/rafaelva/termo_monitor/install/interfaces_sistema/include/interfaces_sistema/interfaces_sistema
-- Up-to-date: /home/rafaelva/termo_monitor/install/interfaces_sistema/include/interfaces_sistema/interfaces_sistema/srv
-- Up-to-date: /home/rafaelva/termo_monitor/install/interfaces_sistema/include/interfaces_sistema/interfaces_sistema/srv/detail
-- Up-to-date: /home/rafaelva/termo_monitor/install/interfaces_sistema/include/interfaces_sistema/interfaces_sistema/srv/detail/reset_temperatura__struct.h
-- Up-to-date: /home/rafaelva/termo_monitor/install/interfaces_sistema/include/interfaces_sistema/interfaces_sistema/srv/detail/reset_temperatura__type_support.h
-- Up-to-date: /home/rafaelva/termo_monitor/install/interfaces_sistema/include/interfaces_sistema/interfaces_sistema/srv/detail/reset_temperatura__functions.h
-- Up-to-date: /home/rafaelva/termo_monitor/install/interfaces_sistema/include/interfaces_sistema/interfaces_sistema/srv/detail/reset_temperatura__functions.c
-- Up-to-date: /home/rafaelva/termo_monitor/install/interfaces_sistema/include/interfaces_sistema/interfaces_sistema/srv/detail/reset_temperatura__type_support.c
-- Up-to-date: /home/rafaelva/termo_monitor/install/interfaces_sistema/include/interfaces_sistema/interfaces_sistema/srv/detail/reset_temperatura__description.c
-- Up-to-date: /home/rafaelva/termo_monitor/install/interfaces_sistema/include/interfaces_sistema/interfaces_sistema/srv/reset_temperatura.h
-- Up-to-date: /home/rafaelva/termo_monitor/install/interfaces_sistema/include/interfaces_sistema/interfaces_sistema/msg
-- Up-to-date: /home/rafaelva/termo_monitor/install/interfaces_sistema/include/interfaces_sistema/interfaces_sistema/msg/rosidl_generator_c__visibility_control.h
-- Up-to-date: /home/rafaelva/termo_monitor/install/interfaces_sistema/share/interfaces_sistema/environment/library_path.sh
-- Up-to-date: /home/rafaelva/termo_monitor/install/interfaces_sistema/share/interfaces_sistema/environment/library_path.dsv
-- Up-to-date: /home/rafaelva/termo_monitor/install/interfaces_sistema/lib/libinterfaces_sistema__rosidl_generator_c.so
-- Up-to-date: /home/rafaelva/termo_monitor/install/interfaces_sistema/include/interfaces_sistema/interfaces_sistema
-- Up-to-date: /home/rafaelva/termo_monitor/install/interfaces_sistema/include/interfaces_sistema/interfaces_sistema/srv
-- Up-to-date: /home/rafaelva/termo_monitor/install/interfaces_sistema/include/interfaces_sistema/interfaces_sistema/srv/detail
-- Up-to-date: /home/rafaelva/termo_monitor/install/interfaces_sistema/include/interfaces_sistema/interfaces_sistema/srv/detail/reset_temperatura__rosidl_typesupport_fastrtps_c.h
-- Up-to-date: /home/rafaelva/termo_monitor/install/interfaces_sistema/include/interfaces_sistema/interfaces_sistema/msg
-- Up-to-date: /home/rafaelva/termo_monitor/install/interfaces_sistema/include/interfaces_sistema/interfaces_sistema/msg/rosidl_typesupport_fastrtps_c__visibility_control.h
-- Up-to-date: /home/rafaelva/termo_monitor/install/interfaces_sistema/lib/libinterfaces_sistema__rosidl_typesupport_fastrtps_c.so
-- Up-to-date: /home/rafaelva/termo_monitor/install/interfaces_sistema/include/interfaces_sistema/interfaces_sistema
-- Up-to-date: /home/rafaelva/termo_monitor/install/interfaces_sistema/include/interfaces_sistema/interfaces_sistema/srv
-- Up-to-date: /home/rafaelva/termo_monitor/install/interfaces_sistema/include/interfaces_sistema/interfaces_sistema/srv/detail
-- Up-to-date: /home/rafaelva/termo_monitor/install/interfaces_sistema/include/interfaces_sistema/interfaces_sistema/srv/detail/reset_temperatura__rosidl_typesupport_introspection_c.h
-- Up-to-date: /home/rafaelva/termo_monitor/install/interfaces_sistema/include/interfaces_sistema/interfaces_sistema/srv/detail/reset_temperatura__type_support.c
-- Up-to-date: /home/rafaelva/termo_monitor/install/interfaces_sistema/include/interfaces_sistema/interfaces_sistema/msg
-- Up-to-date: /home/rafaelva/termo_monitor/install/interfaces_sistema/include/interfaces_sistema/interfaces_sistema/msg/rosidl_typesupport_introspection_c__visibility_control.h
-- Up-to-date: /home/rafaelva/termo_monitor/install/interfaces_sistema/lib/libinterfaces_sistema__rosidl_typesupport_introspection_c.so
-- Up-to-date: /home/rafaelva/termo_monitor/install/interfaces_sistema/lib/libinterfaces_sistema__rosidl_typesupport_c.so
-- Up-to-date: /home/rafaelva/termo_monitor/install/interfaces_sistema/include/interfaces_sistema/interfaces_sistema
-- Up-to-date: /home/rafaelva/termo_monitor/install/interfaces_sistema/include/interfaces_sistema/interfaces_sistema/srv
-- Up-to-date: /home/rafaelva/termo_monitor/install/interfaces_sistema/include/interfaces_sistema/interfaces_sistema/srv/reset_temperatura.hpp
-- Up-to-date: /home/rafaelva/termo_monitor/install/interfaces_sistema/include/interfaces_sistema/interfaces_sistema/srv/detail
-- Up-to-date: /home/rafaelva/termo_monitor/install/interfaces_sistema/include/interfaces_sistema/interfaces_sistema/srv/detail/reset_temperatura__builder.hpp
-- Up-to-date: /home/rafaelva/termo_monitor/install/interfaces_sistema/include/interfaces_sistema/interfaces_sistema/srv/detail/reset_temperatura__type_support.hpp
-- Up-to-date: /home/rafaelva/termo_monitor/install/interfaces_sistema/include/interfaces_sistema/interfaces_sistema/srv/detail/reset_temperatura__traits.hpp
-- Up-to-date: /home/rafaelva/termo_monitor/install/interfaces_sistema/include/interfaces_sistema/interfaces_sistema/srv/detail/reset_temperatura__struct.hpp
-- Up-to-date: /home/rafaelva/termo_monitor/install/interfaces_sistema/include/interfaces_sistema/interfaces_sistema/msg
-- Up-to-date: /home/rafaelva/termo_monitor/install/interfaces_sistema/include/interfaces_sistema/interfaces_sistema/msg/rosidl_generator_cpp__visibility_control.hpp
-- Up-to-date: /home/rafaelva/termo_monitor/install/interfaces_sistema/include/interfaces_sistema/interfaces_sistema
-- Up-to-date: /home/rafaelva/termo_monitor/install/interfaces_sistema/include/interfaces_sistema/interfaces_sistema/srv
-- Up-to-date: /home/rafaelva/termo_monitor/install/interfaces_sistema/include/interfaces_sistema/interfaces_sistema/srv/detail
-- Up-to-date: /home/rafaelva/termo_monitor/install/interfaces_sistema/include/interfaces_sistema/interfaces_sistema/srv/detail/reset_temperatura__rosidl_typesupport_fastrtps_cpp.hpp
-- Up-to-date: /home/rafaelva/termo_monitor/install/interfaces_sistema/include/interfaces_sistema/interfaces_sistema/srv/detail/dds_fastrtps
-- Up-to-date: /home/rafaelva/termo_monitor/install/interfaces_sistema/include/interfaces_sistema/interfaces_sistema/msg
-- Up-to-date: /home/rafaelva/termo_monitor/install/interfaces_sistema/include/interfaces_sistema/interfaces_sistema/msg/rosidl_typesupport_fastrtps_cpp__visibility_control.h
-- Up-to-date: /home/rafaelva/termo_monitor/install/interfaces_sistema/lib/libinterfaces_sistema__rosidl_typesupport_fastrtps_cpp.so
-- Up-to-date: /home/rafaelva/termo_monitor/install/interfaces_sistema/include/interfaces_sistema/interfaces_sistema
-- Up-to-date: /home/rafaelva/termo_monitor/install/interfaces_sistema/include/interfaces_sistema/interfaces_sistema/srv
-- Up-to-date: /home/rafaelva/termo_monitor/install/interfaces_sistema/include/interfaces_sistema/interfaces_sistema/srv/detail
-- Up-to-date: /home/rafaelva/termo_monitor/install/interfaces_sistema/include/interfaces_sistema/interfaces_sistema/srv/detail/reset_temperatura__type_support.cpp
-- Up-to-date: /home/rafaelva/termo_monitor/install/interfaces_sistema/include/interfaces_sistema/interfaces_sistema/srv/detail/reset_temperatura__rosidl_typesupport_introspection_cpp.hpp
-- Up-to-date: /home/rafaelva/termo_monitor/install/interfaces_sistema/lib/libinterfaces_sistema__rosidl_typesupport_introspection_cpp.so
-- Up-to-date: /home/rafaelva/termo_monitor/install/interfaces_sistema/lib/libinterfaces_sistema__rosidl_typesupport_cpp.so
-- Up-to-date: /home/rafaelva/termo_monitor/install/interfaces_sistema/share/interfaces_sistema/environment/pythonpath.sh
-- Up-to-date: /home/rafaelva/termo_monitor/install/interfaces_sistema/share/interfaces_sistema/environment/pythonpath.dsv
-- Up-to-date: /home/rafaelva/termo_monitor/install/interfaces_sistema/lib/python3.14/site-packages/interfaces_sistema/interfaces_sistema_s__rosidl_typesupport_fastrtps_c.so
-- Up-to-date: /home/rafaelva/termo_monitor/install/interfaces_sistema/lib/python3.14/site-packages/interfaces_sistema/interfaces_sistema_s__rosidl_typesupport_introspection_c.so
-- Up-to-date: /home/rafaelva/termo_monitor/install/interfaces_sistema/lib/python3.14/site-packages/interfaces_sistema/interfaces_sistema_s__rosidl_typesupport_c.so
-- Up-to-date: /home/rafaelva/termo_monitor/install/interfaces_sistema/lib/libinterfaces_sistema__rosidl_generator_py.so
-- Up-to-date: /home/rafaelva/termo_monitor/install/interfaces_sistema/share/interfaces_sistema/rust
-- Up-to-date: /home/rafaelva/termo_monitor/install/interfaces_sistema/share/interfaces_sistema/rust/src
-- Up-to-date: /home/rafaelva/termo_monitor/install/interfaces_sistema/share/interfaces_sistema/rust/src/lib.rs
-- Up-to-date: /home/rafaelva/termo_monitor/install/interfaces_sistema/share/interfaces_sistema/rust/src/srv.rs
-- Up-to-date: /home/rafaelva/termo_monitor/install/interfaces_sistema/share/interfaces_sistema/rust/src/srv
-- Up-to-date: /home/rafaelva/termo_monitor/install/interfaces_sistema/share/interfaces_sistema/rust/src/srv/rmw.rs
-- Up-to-date: /home/rafaelva/termo_monitor/install/interfaces_sistema/share/interfaces_sistema/rust/build.rs
-- Up-to-date: /home/rafaelva/termo_monitor/install/interfaces_sistema/share/interfaces_sistema/rust/Cargo.toml
-- Up-to-date: /home/rafaelva/termo_monitor/install/interfaces_sistema/share/interfaces_sistema/srv/ResetTemperatura.idl
-- Up-to-date: /home/rafaelva/termo_monitor/install/interfaces_sistema/share/interfaces_sistema/srv/ResetTemperatura.srv
-- Up-to-date: /home/rafaelva/termo_monitor/install/interfaces_sistema/share/ament_index/resource_index/package_run_dependencies/interfaces_sistema
-- Up-to-date: /home/rafaelva/termo_monitor/install/interfaces_sistema/share/ament_index/resource_index/parent_prefix_path/interfaces_sistema
-- Up-to-date: /home/rafaelva/termo_monitor/install/interfaces_sistema/share/interfaces_sistema/environment/ament_prefix_path.sh
-- Up-to-date: /home/rafaelva/termo_monitor/install/interfaces_sistema/share/interfaces_sistema/environment/ament_prefix_path.dsv
-- Up-to-date: /home/rafaelva/termo_monitor/install/interfaces_sistema/share/interfaces_sistema/environment/path.sh
-- Up-to-date: /home/rafaelva/termo_monitor/install/interfaces_sistema/share/interfaces_sistema/environment/path.dsv
-- Up-to-date: /home/rafaelva/termo_monitor/install/interfaces_sistema/share/interfaces_sistema/local_setup.bash
-- Up-to-date: /home/rafaelva/termo_monitor/install/interfaces_sistema/share/interfaces_sistema/local_setup.fish
-- Up-to-date: /home/rafaelva/termo_monitor/install/interfaces_sistema/share/interfaces_sistema/local_setup.sh
-- Up-to-date: /home/rafaelva/termo_monitor/install/interfaces_sistema/share/interfaces_sistema/local_setup.zsh
-- Up-to-date: /home/rafaelva/termo_monitor/install/interfaces_sistema/share/interfaces_sistema/local_setup.dsv
-- Installing: /home/rafaelva/termo_monitor/install/interfaces_sistema/share/interfaces_sistema/package.dsv
-- Up-to-date: /home/rafaelva/termo_monitor/install/interfaces_sistema/share/ament_index/resource_index/packages/interfaces_sistema
-- Up-to-date: /home/rafaelva/termo_monitor/install/interfaces_sistema/share/interfaces_sistema/cmake/export_interfaces_sistema__rosidl_generator_cExport.cmake
-- Up-to-date: /home/rafaelva/termo_monitor/install/interfaces_sistema/share/interfaces_sistema/cmake/export_interfaces_sistema__rosidl_generator_cExport-noconfig.cmake
-- Up-to-date: /home/rafaelva/termo_monitor/install/interfaces_sistema/share/interfaces_sistema/cmake/export_interfaces_sistema__rosidl_typesupport_fastrtps_cExport.cmake
-- Up-to-date: /home/rafaelva/termo_monitor/install/interfaces_sistema/share/interfaces_sistema/cmake/export_interfaces_sistema__rosidl_typesupport_fastrtps_cExport-noconfig.cmake
-- Up-to-date: /home/rafaelva/termo_monitor/install/interfaces_sistema/share/interfaces_sistema/cmake/interfaces_sistema__rosidl_typesupport_introspection_cExport.cmake
-- Up-to-date: /home/rafaelva/termo_monitor/install/interfaces_sistema/share/interfaces_sistema/cmake/interfaces_sistema__rosidl_typesupport_introspection_cExport-noconfig.cmake
-- Up-to-date: /home/rafaelva/termo_monitor/install/interfaces_sistema/share/interfaces_sistema/cmake/interfaces_sistema__rosidl_typesupport_cExport.cmake
-- Up-to-date: /home/rafaelva/termo_monitor/install/interfaces_sistema/share/interfaces_sistema/cmake/interfaces_sistema__rosidl_typesupport_cExport-noconfig.cmake
-- Up-to-date: /home/rafaelva/termo_monitor/install/interfaces_sistema/share/interfaces_sistema/cmake/export_interfaces_sistema__rosidl_generator_cppExport.cmake
-- Up-to-date: /home/rafaelva/termo_monitor/install/interfaces_sistema/share/interfaces_sistema/cmake/export_interfaces_sistema__rosidl_typesupport_fastrtps_cppExport.cmake
-- Up-to-date: /home/rafaelva/termo_monitor/install/interfaces_sistema/share/interfaces_sistema/cmake/export_interfaces_sistema__rosidl_typesupport_fastrtps_cppExport-noconfig.cmake
-- Up-to-date: /home/rafaelva/termo_monitor/install/interfaces_sistema/share/interfaces_sistema/cmake/interfaces_sistema__rosidl_typesupport_introspection_cppExport.cmake
-- Up-to-date: /home/rafaelva/termo_monitor/install/interfaces_sistema/share/interfaces_sistema/cmake/interfaces_sistema__rosidl_typesupport_introspection_cppExport-noconfig.cmake
-- Up-to-date: /home/rafaelva/termo_monitor/install/interfaces_sistema/share/interfaces_sistema/cmake/interfaces_sistema__rosidl_typesupport_cppExport.cmake
-- Up-to-date: /home/rafaelva/termo_monitor/install/interfaces_sistema/share/interfaces_sistema/cmake/interfaces_sistema__rosidl_typesupport_cppExport-noconfig.cmake
-- Up-to-date: /home/rafaelva/termo_monitor/install/interfaces_sistema/share/interfaces_sistema/cmake/export_interfaces_sistema__rosidl_generator_pyExport.cmake
-- Up-to-date: /home/rafaelva/termo_monitor/install/interfaces_sistema/share/interfaces_sistema/cmake/export_interfaces_sistema__rosidl_generator_pyExport-noconfig.cmake
-- Up-to-date: /home/rafaelva/termo_monitor/install/interfaces_sistema/lib/python3.14/site-packages/interfaces_sistema-0.0.0-py3.14.egg-info
-- Installing: /home/rafaelva/termo_monitor/install/interfaces_sistema/lib/python3.14/site-packages/interfaces_sistema-0.0.0-py3.14.egg-info/SOURCES.txt
-- Installing: /home/rafaelva/termo_monitor/install/interfaces_sistema/lib/python3.14/site-packages/interfaces_sistema-0.0.0-py3.14.egg-info/top_level.txt
-- Installing: /home/rafaelva/termo_monitor/install/interfaces_sistema/lib/python3.14/site-packages/interfaces_sistema-0.0.0-py3.14.egg-info/PKG-INFO
-- Installing: /home/rafaelva/termo_monitor/install/interfaces_sistema/lib/python3.14/site-packages/interfaces_sistema-0.0.0-py3.14.egg-info/dependency_links.txt
-- Up-to-date: /home/rafaelva/termo_monitor/install/interfaces_sistema/lib/python3.14/site-packages/interfaces_sistema
-- Up-to-date: /home/rafaelva/termo_monitor/install/interfaces_sistema/lib/python3.14/site-packages/interfaces_sistema/py.typed
-- Up-to-date: /home/rafaelva/termo_monitor/install/interfaces_sistema/lib/python3.14/site-packages/interfaces_sistema/interfaces_sistema_s__rosidl_typesupport_introspection_c.so
-- Up-to-date: /home/rafaelva/termo_monitor/install/interfaces_sistema/lib/python3.14/site-packages/interfaces_sistema/_interfaces_sistema_s.ep.rosidl_typesupport_c.c
-- Up-to-date: /home/rafaelva/termo_monitor/install/interfaces_sistema/lib/python3.14/site-packages/interfaces_sistema/srv
-- Up-to-date: /home/rafaelva/termo_monitor/install/interfaces_sistema/lib/python3.14/site-packages/interfaces_sistema/srv/_reset_temperatura.py
-- Up-to-date: /home/rafaelva/termo_monitor/install/interfaces_sistema/lib/python3.14/site-packages/interfaces_sistema/srv/_reset_temperatura_s.c
-- Up-to-date: /home/rafaelva/termo_monitor/install/interfaces_sistema/lib/python3.14/site-packages/interfaces_sistema/srv/__init__.py
-- Up-to-date: /home/rafaelva/termo_monitor/install/interfaces_sistema/lib/python3.14/site-packages/interfaces_sistema/_interfaces_sistema_s.ep.rosidl_typesupport_fastrtps_c.c
-- Up-to-date: /home/rafaelva/termo_monitor/install/interfaces_sistema/lib/python3.14/site-packages/interfaces_sistema/interfaces_sistema_s__rosidl_typesupport_c.so
-- Up-to-date: /home/rafaelva/termo_monitor/install/interfaces_sistema/lib/python3.14/site-packages/interfaces_sistema/interfaces_sistema_s__rosidl_typesupport_fastrtps_c.so
-- Up-to-date: /home/rafaelva/termo_monitor/install/interfaces_sistema/lib/python3.14/site-packages/interfaces_sistema/_interfaces_sistema_s.ep.rosidl_typesupport_introspection_c.c
-- Up-to-date: /home/rafaelva/termo_monitor/install/interfaces_sistema/lib/python3.14/site-packages/interfaces_sistema/__init__.py
Listing '/home/rafaelva/termo_monitor/install/interfaces_sistema/lib/python3.14/site-packages/interfaces_sistema'...
Listing '/home/rafaelva/termo_monitor/install/interfaces_sistema/lib/python3.14/site-packages/interfaces_sistema/srv'...
-- Up-to-date: /home/rafaelva/termo_monitor/install/interfaces_sistema/share/interfaces_sistema/cmake/rosidl_cmake-extras.cmake
-- Up-to-date: /home/rafaelva/termo_monitor/install/interfaces_sistema/share/interfaces_sistema/cmake/ament_cmake_export_dependencies-extras.cmake
-- Up-to-date: /home/rafaelva/termo_monitor/install/interfaces_sistema/share/interfaces_sistema/cmake/ament_cmake_export_include_directories-extras.cmake
-- Up-to-date: /home/rafaelva/termo_monitor/install/interfaces_sistema/share/interfaces_sistema/cmake/ament_cmake_export_libraries-extras.cmake
-- Up-to-date: /home/rafaelva/termo_monitor/install/interfaces_sistema/share/interfaces_sistema/cmake/ament_cmake_export_targets-extras.cmake
-- Up-to-date: /home/rafaelva/termo_monitor/install/interfaces_sistema/share/interfaces_sistema/cmake/rosidl_cmake_export_typesupport_targets-extras.cmake
-- Up-to-date: /home/rafaelva/termo_monitor/install/interfaces_sistema/share/interfaces_sistema/cmake/rosidl_cmake_export_typesupport_libraries-extras.cmake
-- Up-to-date: /home/rafaelva/termo_monitor/install/interfaces_sistema/share/interfaces_sistema/cmake/rosidl_cmake_aggregate_target-extras.cmake
-- Up-to-date: /home/rafaelva/termo_monitor/install/interfaces_sistema/share/interfaces_sistema/cmake/interfaces_sistemaConfig.cmake
-- Up-to-date: /home/rafaelva/termo_monitor/install/interfaces_sistema/share/interfaces_sistema/cmake/interfaces_sistemaConfig-version.cmake
-- Up-to-date: /home/rafaelva/termo_monitor/install/interfaces_sistema/share/interfaces_sistema/package.xml
